Archive member included to satisfy reference by file (symbol)

.pio/build/bluepill_f103c8/lib197/libSPI.a(SPI.cpp.o)
                              .pio/build/bluepill_f103c8/src/main.cpp.o (SPIClass::begin())
.pio/build/bluepill_f103c8/lib197/libSPI.a(spi_com.c.o)
                              .pio/build/bluepill_f103c8/lib197/libSPI.a(SPI.cpp.o) (spi_getClkFreq)
.pio/build/bluepill_f103c8/lib0c9/libEthernet.a(Ethernet.cpp.o)
                              .pio/build/bluepill_f103c8/src/main.cpp.o (EthernetClass::begin(unsigned char*, IPAddress, IPAddress, IPAddress, IPAddress))
.pio/build/bluepill_f103c8/lib0c9/libEthernet.a(EthernetUdp.cpp.o)
                              .pio/build/bluepill_f103c8/src/main.cpp.o (EthernetUDP::begin(unsigned short))
.pio/build/bluepill_f103c8/lib0c9/libEthernet.a(socket.cpp.o)
                              .pio/build/bluepill_f103c8/lib0c9/libEthernet.a(Ethernet.cpp.o) (EthernetClass::socketPortRand(unsigned short))
.pio/build/bluepill_f103c8/lib0c9/libEthernet.a(w5100.cpp.o)
                              .pio/build/bluepill_f103c8/lib0c9/libEthernet.a(Ethernet.cpp.o) (W5100Class::ss_pin)
.pio/build/bluepill_f103c8/lib0c9/libEthernet.a(Dhcp.cpp.o)
                              .pio/build/bluepill_f103c8/lib0c9/libEthernet.a(Ethernet.cpp.o) (DhcpClass::getLocalIp())
.pio/build/bluepill_f103c8/lib0c9/libEthernet.a(Dns.cpp.o)
                              .pio/build/bluepill_f103c8/lib0c9/libEthernet.a(EthernetUdp.cpp.o) (DNSClient::begin(IPAddress const&))
.pio/build/bluepill_f103c8/lib0c9/libEthernet.a(EthernetServer.cpp.o)
                              .pio/build/bluepill_f103c8/lib0c9/libEthernet.a(socket.cpp.o) (EthernetServer::server_port)
.pio/build/bluepill_f103c8/lib0c9/libEthernet.a(EthernetClient.cpp.o)
                              .pio/build/bluepill_f103c8/lib0c9/libEthernet.a(EthernetServer.cpp.o) (vtable for EthernetClient)
.pio/build/bluepill_f103c8/libFrameworkArduino.a(IPAddress.cpp.o)
                              .pio/build/bluepill_f103c8/src/main.cpp.o (vtable for IPAddress)
.pio/build/bluepill_f103c8/libFrameworkArduino.a(Print.cpp.o)
                              .pio/build/bluepill_f103c8/src/main.cpp.o (Print::print(String const&))
.pio/build/bluepill_f103c8/libFrameworkArduino.a(Stream.cpp.o)
                              .pio/build/bluepill_f103c8/lib0c9/libEthernet.a(EthernetUdp.cpp.o) (Stream::readBytes(char*, unsigned int))
.pio/build/bluepill_f103c8/libFrameworkArduino.a(WMath.cpp.o)
                              .pio/build/bluepill_f103c8/lib0c9/libEthernet.a(Dhcp.cpp.o) (random(long, long))
.pio/build/bluepill_f103c8/libFrameworkArduino.a(WString.cpp.o)
                              .pio/build/bluepill_f103c8/src/main.cpp.o (String::~String())
.pio/build/bluepill_f103c8/libFrameworkArduino.a(dtostrf.c.o)
                              .pio/build/bluepill_f103c8/libFrameworkArduino.a(WString.cpp.o) (dtostrf)
.pio/build/bluepill_f103c8/libFrameworkArduino.a(hooks.c.o)
                              .pio/build/bluepill_f103c8/lib0c9/libEthernet.a(socket.cpp.o) (yield)
.pio/build/bluepill_f103c8/libFrameworkArduino.a(itoa.c.o)
                              .pio/build/bluepill_f103c8/libFrameworkArduino.a(WString.cpp.o) (ltoa)
.pio/build/bluepill_f103c8/libFrameworkArduino.a(main.cpp.o)
                              /Users/beratbaki/.platformio/packages/toolchain-gccarmnoneeabi/bin/../lib/gcc/arm-none-eabi/12.3.1/../../../../arm-none-eabi/lib/thumb/v7-m/nofp/crt0.o (main)
.pio/build/bluepill_f103c8/libFrameworkArduino.a(pins_arduino.c.o)
                              .pio/build/bluepill_f103c8/SrcWrapper/src/HardwareTimer.cpp.o (pinNametoDigitalPin)
.pio/build/bluepill_f103c8/libFrameworkArduino.a(wiring_analog.c.o)
                              .pio/build/bluepill_f103c8/src/main.cpp.o (analogWriteFrequency)
.pio/build/bluepill_f103c8/libFrameworkArduino.a(wiring_digital.c.o)
                              .pio/build/bluepill_f103c8/SrcWrapper/src/HardwareTimer.cpp.o (pinMode)
.pio/build/bluepill_f103c8/libFrameworkArduino.a(wiring_time.c.o)
                              .pio/build/bluepill_f103c8/USBDevice/src/USBSerial.cpp.o (millis)
.pio/build/bluepill_f103c8/libFrameworkArduino.a(WSerial.cpp.o)
                              .pio/build/bluepill_f103c8/libFrameworkArduino.a(main.cpp.o) (serialEventRun())
.pio/build/bluepill_f103c8/libFrameworkArduino.a(board.c.o)
                              .pio/build/bluepill_f103c8/libFrameworkArduino.a(main.cpp.o) (init)
.pio/build/bluepill_f103c8/libFrameworkArduino.a(HardwareSerial.cpp.o)
                              .pio/build/bluepill_f103c8/libFrameworkArduino.a(WSerial.cpp.o) (HardwareSerial::available())
/Users/beratbaki/.platformio/packages/toolchain-gccarmnoneeabi/bin/../lib/gcc/arm-none-eabi/12.3.1/thumb/v7-m/nofp/libgcc.a(_arm_muldf3.o)
                              .pio/build/bluepill_f103c8/SrcWrapper/src/HardwareTimer.cpp.o (__aeabi_dmul)
[...]
Memory Configuration

Name             Origin             Length             Attributes
*default*        0x00000000         0xffffffff
RAM              0x20000000         0x00005000         xrw
FLASH            0x08000000         0x00010000         xr

Linker script and memory map

                0x20005000                        _estack = (ORIGIN (RAM) + LENGTH (RAM))
                0x00000200                        _Min_Heap_Size = 0x200
                0x00000400                        _Min_Stack_Size = 0x400

.isr_vector     0x08000000      0x10c
                0x08000000                        . = ALIGN (0x4)
 *(.isr_vector)
 .isr_vector    0x08000000      0x10c .pio/build/bluepill_f103c8/FrameworkArduinoVariant/startup_M200_f103xb.S.o
                0x08000000                g_pfnVectors
                0x0800010c                        . = ALIGN (0x4)

.text           0x0800010c     0x88b4
                0x0800010c                        . = ALIGN (0x4)
 *(.text)
 .text          0x0800010c       0x10 /Users/beratbaki/.platformio/packages/toolchain-gccarmnoneeabi/bin/../lib/gcc/arm-none-eabi/12.3.1/../../../../arm-none-eabi/lib/thumb/v7-m/nofp/libc_nano.a(libc_a-strlen.o)
                0x0800010c                strlen
 .text          0x0800011c       0x14 /Users/beratbaki/.platformio/packages/toolchain-gccarmnoneeabi/bin/../lib/gcc/arm-none-eabi/12.3.1/../../../../arm-none-eabi/lib/thumb/v7-m/nofp/libc_nano.a(libc_a-strcmp.o)
                0x0800011c                strcmp
 *(.text*)
 .text.__do_global_dtors_aux
                0x08000130       0x24 /Users/beratbaki/.platformio/packages/toolchain-gccarmnoneeabi/bin/../lib/gcc/arm-none-eabi/12.3.1/thumb/v7-m/nofp/crtbegin.o
 .text.frame_dummy
                0x08000154       0x1c /Users/beratbaki/.platformio/packages/toolchain-gccarmnoneeabi/bin/../lib/gcc/arm-none-eabi/12.3.1/thumb/v7-m/nofp/crtbegin.o
 .text._ZN9USBSerial5writeEh
                0x08000170       0x18 .pio/build/bluepill_f103c8/USBDevice/src/USBSerial.cpp.o
                0x08000170                USBSerial::write(unsigned char)
 .text._ZN9USBSerial17availableForWriteEv
                0x08000188        0xc .pio/build/bluepill_f103c8/USBDevice/src/USBSerial.cpp.o
                0x08000188                USBSerial::availableForWrite()
 .text._ZN9USBSerial5writeEPKhj
                0x08000194       0x48 .pio/build/bluepill_f103c8/USBDevice/src/USBSerial.cpp.o
                0x08000194                USBSerial::write(unsigned char const*, unsigned int)
 .text._ZN9USBSerial9availableEv
                0x080001dc        0xc .pio/build/bluepill_f103c8/USBDevice/src/USBSerial.cpp.o
                0x080001dc                USBSerial::available()
 .text._ZN9USBSerial4readEv
                0x080001e8       0x18 .pio/build/bluepill_f103c8/USBDevice/src/USBSerial.cpp.o
                0x080001e8                USBSerial::read()
 .text._ZN9USBSerial9readBytesEPcj
                0x08000200       0x4c .pio/build/bluepill_f103c8/USBDevice/src/USBSerial.cpp.o
                0x08000200                USBSerial::readBytes(char*, unsigned int)
 .text._ZN9USBSerial14readBytesUntilEcPcj
                0x0800024c       0x68 .pio/build/bluepill_f103c8/USBDevice/src/USBSerial.cpp.o
                0x0800024c                USBSerial::readBytesUntil(char, char*, unsigned int)
 .text._ZN9USBSerial4peekEv
                0x080002b4        0xc .pio/build/bluepill_f103c8/USBDevice/src/USBSerial.cpp.o
                0x080002b4                USBSerial::peek()
 .text._ZN9USBSerial5flushEv
                0x080002c0       0x14 .pio/build/bluepill_f103c8/USBDevice/src/USBSerial.cpp.o
                0x080002c0                USBSerial::flush()
 .text._ZN9USBSerial5beginEm
                0x080002d4        0x4 .pio/build/bluepill_f103c8/USBDevice/src/USBSerial.cpp.o
                0x080002d4                USBSerial::begin(unsigned long)
 .text.startup._GLOBAL__sub_I_SerialUSB
                0x080002d8       0x1c .pio/build/bluepill_f103c8/USBDevice/src/USBSerial.cpp.o
 .text.CDC_TransmitQueue_Init
                0x080002f4        0xc .pio/build/bluepill_f103c8/USBDevice/src/cdc/cdc_queue.c.o
                0x080002f4                CDC_TransmitQueue_Init
 .text.CDC_TransmitQueue_WriteSize
                0x08000300       0x20 .pio/build/bluepill_f103c8/USBDevice/src/cdc/cdc_queue.c.o
                0x08000300                CDC_TransmitQueue_WriteSize
 .text.CDC_TransmitQueue_ReadSize
                0x08000320       0x22 .pio/build/bluepill_f103c8/USBDevice/src/cdc/cdc_queue.c.o
                0x08000320                CDC_TransmitQueue_ReadSize
 .text.CDC_TransmitQueue_Enqueue
                0x08000342       0x42 .pio/build/bluepill_f103c8/USBDevice/src/cdc/cdc_queue.c.o
                0x08000342                CDC_TransmitQueue_Enqueue
 .text.CDC_TransmitQueue_ReadBlock
                0x08000384       0x36 .pio/build/bluepill_f103c8/USBDevice/src/cdc/cdc_queue.c.o
                0x08000384                CDC_TransmitQueue_ReadBlock
 .text.CDC_TransmitQueue_CommitRead
                0x080003ba       0x14 .pio/build/bluepill_f103c8/USBDevice/src/cdc/cdc_queue.c.o
                0x080003ba                CDC_TransmitQueue_CommitRead
 .text.CDC_ReceiveQueue_Init
                0x080003ce       0x12 .pio/build/bluepill_f103c8/USBDevice/src/cdc/cdc_queue.c.o
                0x080003ce                CDC_ReceiveQueue_Init
 .text.CDC_ReceiveQueue_ReserveBlock
                0x080003e0       0x72 .pio/build/bluepill_f103c8/USBDevice/src/cdc/cdc_queue.c.o
                0x080003e0                CDC_ReceiveQueue_ReserveBlock
 .text.CDC_ReceiveQueue_CommitBlock
                0x08000452       0x34 .pio/build/bluepill_f103c8/USBDevice/src/cdc/cdc_queue.c.o
                0x08000452                CDC_ReceiveQueue_CommitBlock
 .text.CDC_ReceiveQueue_ReadSize
                0x08000486       0x52 .pio/build/bluepill_f103c8/USBDevice/src/cdc/cdc_queue.c.o
                0x08000486                CDC_ReceiveQueue_ReadSize
 .text.CDC_ReceiveQueue_Dequeue
                0x080004d8       0x6e .pio/build/bluepill_f103c8/USBDevice/src/cdc/cdc_queue.c.o
                0x080004d8                CDC_ReceiveQueue_Dequeue
 .text.CDC_ReceiveQueue_Peek
                0x08000546       0x4c .pio/build/bluepill_f103c8/USBDevice/src/cdc/cdc_queue.c.o
                0x08000546                CDC_ReceiveQueue_Peek
 .text.CDC_ReceiveQueue_Read
                0x08000592       0x8c .pio/build/bluepill_f103c8/USBDevice/src/cdc/cdc_queue.c.o
                0x08000592                CDC_ReceiveQueue_Read
 .text.CDC_ReceiveQueue_ReadUntil
                0x0800061e       0xce .pio/build/bluepill_f103c8/USBDevice/src/cdc/cdc_queue.c.o
                0x0800061e                CDC_ReceiveQueue_ReadUntil
 .text.USBD_CDC_EP0_RxReady
                0x080006ec       0x38 .pio/build/bluepill_f103c8/USBDevice/src/cdc/usbd_cdc.c.o
 .text.USBD_CDC_GetDeviceQualifierDescriptor
                0x08000724        0xc .pio/build/bluepill_f103c8/USBDevice/src/cdc/usbd_cdc.c.o
                0x08000724                USBD_CDC_GetDeviceQualifierDescriptor
 .text.USBD_CDC_GetOtherSpeedCfgDesc
                0x08000730       0x48 .pio/build/bluepill_f103c8/USBDevice/src/cdc/usbd_cdc.c.o
 .text.USBD_CDC_GetFSCfgDesc
                0x08000778       0x48 .pio/build/bluepill_f103c8/USBDevice/src/cdc/usbd_cdc.c.o
 .text.USBD_CDC_GetHSCfgDesc
                0x080007c0       0x48 .pio/build/bluepill_f103c8/USBDevice/src/cdc/usbd_cdc.c.o
 .text.USBD_CDC_DataOut
                0x08000808       0x38 .pio/build/bluepill_f103c8/USBDevice/src/cdc/usbd_cdc.c.o
 .text.USBD_CDC_DataIn
                0x08000840       0x64 .pio/build/bluepill_f103c8/USBDevice/src/cdc/usbd_cdc.c.o
 .text.USBD_CDC_Setup
                0x080008a4       0xf0 .pio/build/bluepill_f103c8/USBDevice/src/cdc/usbd_cdc.c.o
 .text.USBD_CDC_DeInit
                0x08000994       0x4e .pio/build/bluepill_f103c8/USBDevice/src/cdc/usbd_cdc.c.o
 *fill*         0x080009e2        0x2 
 .text.USBD_CDC_Init
                0x080009e4       0xbc .pio/build/bluepill_f103c8/USBDevice/src/cdc/usbd_cdc.c.o
 .text.USBD_CDC_RegisterInterface
                0x08000aa0       0x16 .pio/build/bluepill_f103c8/USBDevice/src/cdc/usbd_cdc.c.o
                0x08000aa0                USBD_CDC_RegisterInterface
 .text.USBD_CDC_SetTxBuffer
                0x08000ab6       0x1c .pio/build/bluepill_f103c8/USBDevice/src/cdc/usbd_cdc.c.o
                0x08000ab6                USBD_CDC_SetTxBuffer
 .text.USBD_CDC_SetRxBuffer
                0x08000ad2       0x18 .pio/build/bluepill_f103c8/USBDevice/src/cdc/usbd_cdc.c.o
                0x08000ad2                USBD_CDC_SetRxBuffer
 .text.USBD_CDC_TransmitPacket
                0x08000aea       0x36 .pio/build/bluepill_f103c8/USBDevice/src/cdc/usbd_cdc.c.o
                0x08000aea                USBD_CDC_TransmitPacket
 .text.USBD_CDC_ReceivePacket
                0x08000b20       0x2c .pio/build/bluepill_f103c8/USBDevice/src/cdc/usbd_cdc.c.o
                0x08000b20                USBD_CDC_ReceivePacket
 .text.USBD_CDC_ClearBuffer
                0x08000b4c       0x20 .pio/build/bluepill_f103c8/USBDevice/src/cdc/usbd_cdc.c.o
                0x08000b4c                USBD_CDC_ClearBuffer
 .text.USBD_CDC_DeInit
                0x08000b6c        0x4 .pio/build/bluepill_f103c8/USBDevice/src/cdc/usbd_cdc_if.c.o
 .text.USBD_CDC_Control
                0x08000b70       0x84 .pio/build/bluepill_f103c8/USBDevice/src/cdc/usbd_cdc_if.c.o
 .text.USBD_CDC_Init
                0x08000bf4       0x38 .pio/build/bluepill_f103c8/USBDevice/src/cdc/usbd_cdc_if.c.o
 .text.CDC_init
                0x08000c2c       0x48 .pio/build/bluepill_f103c8/USBDevice/src/cdc/usbd_cdc_if.c.o
                0x08000c2c                CDC_init
 .text.CDC_connected
                0x08000c74       0x40 .pio/build/bluepill_f103c8/USBDevice/src/cdc/usbd_cdc_if.c.o
                0x08000c74                CDC_connected
 .text.CDC_continue_transmit
                0x08000cb4       0x4c .pio/build/bluepill_f103c8/USBDevice/src/cdc/usbd_cdc_if.c.o
                0x08000cb4                CDC_continue_transmit
 .text.USBD_CDC_TransmitCplt
                0x08000d00       0x20 .pio/build/bluepill_f103c8/USBDevice/src/cdc/usbd_cdc_if.c.o
 .text.CDC_resume_receive
                0x08000d20       0x38 .pio/build/bluepill_f103c8/USBDevice/src/cdc/usbd_cdc_if.c.o
                0x08000d20                CDC_resume_receive
 .text.USBD_CDC_Receive
                0x08000d58       0x2c .pio/build/bluepill_f103c8/USBDevice/src/cdc/usbd_cdc_if.c.o
 .text.USBD_Init
                0x08000d84       0x26 .pio/build/bluepill_f103c8/USBDevice/src/usb_device_core.c.o
                0x08000d84                USBD_Init
 .text.USBD_RegisterClass
                0x08000daa       0x32 .pio/build/bluepill_f103c8/USBDevice/src/usb_device_core.c.o
                0x08000daa                USBD_RegisterClass
 .text.USBD_Start
                0x08000ddc        0x4 .pio/build/bluepill_f103c8/USBDevice/src/usb_device_core.c.o
                0x08000ddc                USBD_Start
 .text.USBD_SetClassConfig
                0x08000de0        0xe .pio/build/bluepill_f103c8/USBDevice/src/usb_device_core.c.o
                0x08000de0                USBD_SetClassConfig
 .text.USBD_ClrClassConfig
                0x08000dee       0x12 .pio/build/bluepill_f103c8/USBDevice/src/usb_device_core.c.o
                0x08000dee                USBD_ClrClassConfig
 .text.USBD_LL_SetupStage
                0x08000e00       0x60 .pio/build/bluepill_f103c8/USBDevice/src/usb_device_core.c.o
                0x08000e00                USBD_LL_SetupStage
 .text.USBD_LL_DataOutStage
                0x08000e60       0x6a .pio/build/bluepill_f103c8/USBDevice/src/usb_device_core.c.o
                0x08000e60                USBD_LL_DataOutStage
 .text.USBD_LL_DataInStage
                0x08000eca       0xa6 .pio/build/bluepill_f103c8/USBDevice/src/usb_device_core.c.o
                0x08000eca                USBD_LL_DataInStage
 .text.USBD_LL_Reset
                0x08000f70       0x5e .pio/build/bluepill_f103c8/USBDevice/src/usb_device_core.c.o
                0x08000f70                USBD_LL_Reset
 .text.USBD_LL_SetSpeed
                0x08000fce        0x6 .pio/build/bluepill_f103c8/USBDevice/src/usb_device_core.c.o
                0x08000fce                USBD_LL_SetSpeed
 .text.USBD_LL_Suspend
                0x08000fd4       0x1c .pio/build/bluepill_f103c8/USBDevice/src/usb_device_core.c.o
                0x08000fd4                USBD_LL_Suspend
 .text.USBD_LL_Resume
                0x08000ff0       0x16 .pio/build/bluepill_f103c8/USBDevice/src/usb_device_core.c.o
                0x08000ff0                USBD_LL_Resume
 .text.USBD_LL_SOF
                0x08001006       0x1a .pio/build/bluepill_f103c8/USBDevice/src/usb_device_core.c.o
                0x08001006                USBD_LL_SOF
 .text.USBD_CoreFindIF
                0x08001020        0x4 .pio/build/bluepill_f103c8/USBDevice/src/usb_device_core.c.o
                0x08001020                USBD_CoreFindIF
 .text.USBD_CoreFindEP
                0x08001024        0x4 .pio/build/bluepill_f103c8/USBDevice/src/usb_device_core.c.o
                0x08001024                USBD_CoreFindEP
 .text.USBD_GetEpDesc
                0x08001028       0x24 .pio/build/bluepill_f103c8/USBDevice/src/usb_device_core.c.o
                0x08001028                USBD_GetEpDesc
 .text.USBD_CtlError.constprop.0
                0x0800104c       0x16 .pio/build/bluepill_f103c8/USBDevice/src/usb_device_ctlreq.c.o
 *fill*         0x08001062        0x2 
 .text.USBD_StdDevReq
                0x08001064      0x288 .pio/build/bluepill_f103c8/USBDevice/src/usb_device_ctlreq.c.o
                0x08001064                USBD_StdDevReq
 .text.USBD_StdItfReq
                0x080012ec       0x5a .pio/build/bluepill_f103c8/USBDevice/src/usb_device_ctlreq.c.o
                0x080012ec                USBD_StdItfReq
 .text.USBD_StdEPReq
                0x08001346      0x13a .pio/build/bluepill_f103c8/USBDevice/src/usb_device_ctlreq.c.o
                0x08001346                USBD_StdEPReq
 .text.USBD_ParseSetupRequest
                0x08001480       0x16 .pio/build/bluepill_f103c8/USBDevice/src/usb_device_ctlreq.c.o
                0x08001480                USBD_ParseSetupRequest
 .text.USBD_CtlError
                0x08001496       0x16 .pio/build/bluepill_f103c8/USBDevice/src/usb_device_ctlreq.c.o
                0x08001496                USBD_CtlError
 .text.USBD_GetString
                0x080014ac       0x44 .pio/build/bluepill_f103c8/USBDevice/src/usb_device_ctlreq.c.o
                0x080014ac                USBD_GetString
 .text.USBD_CtlSendData
                0x080014f0       0x1a .pio/build/bluepill_f103c8/USBDevice/src/usb_device_ioreq.c.o
                0x080014f0                USBD_CtlSendData
 .text.USBD_CtlContinueSendData
                0x0800150a       0x10 .pio/build/bluepill_f103c8/USBDevice/src/usb_device_ioreq.c.o
                0x0800150a                USBD_CtlContinueSendData
 .text.USBD_CtlPrepareRx
                0x0800151a       0x1a .pio/build/bluepill_f103c8/USBDevice/src/usb_device_ioreq.c.o
                0x0800151a                USBD_CtlPrepareRx
 .text.USBD_CtlContinueRx
                0x08001534       0x10 .pio/build/bluepill_f103c8/USBDevice/src/usb_device_ioreq.c.o
                0x08001534                USBD_CtlContinueRx
 .text.USBD_CtlSendStatus
                0x08001544       0x16 .pio/build/bluepill_f103c8/USBDevice/src/usb_device_ioreq.c.o
                0x08001544                USBD_CtlSendStatus
 .text.USBD_CtlReceiveStatus
                0x0800155a       0x16 .pio/build/bluepill_f103c8/USBDevice/src/usb_device_ioreq.c.o
                0x0800155a                USBD_CtlReceiveStatus
 .text.HAL_PCD_MspInit
                0x08001570       0xa4 .pio/build/bluepill_f103c8/USBDevice/src/usbd_conf.c.o
                0x08001570                HAL_PCD_MspInit
 .text.HAL_PCD_SetupStageCallback
                0x08001614        0xc .pio/build/bluepill_f103c8/USBDevice/src/usbd_conf.c.o
                0x08001614                HAL_PCD_SetupStageCallback
 .text.HAL_PCD_DataOutStageCallback
                0x08001620       0x12 .pio/build/bluepill_f103c8/USBDevice/src/usbd_conf.c.o
                0x08001620                HAL_PCD_DataOutStageCallback
 .text.HAL_PCD_DataInStageCallback
                0x08001632       0x10 .pio/build/bluepill_f103c8/USBDevice/src/usbd_conf.c.o
                0x08001632                HAL_PCD_DataInStageCallback
 .text.HAL_PCD_SOFCallback
                0x08001642        0x8 .pio/build/bluepill_f103c8/USBDevice/src/usbd_conf.c.o
                0x08001642                HAL_PCD_SOFCallback
 .text.HAL_PCD_ResetCallback
                0x0800164a       0x1a .pio/build/bluepill_f103c8/USBDevice/src/usbd_conf.c.o
                0x0800164a                HAL_PCD_ResetCallback
 .text.HAL_PCD_SuspendCallback
                0x08001664       0x20 .pio/build/bluepill_f103c8/USBDevice/src/usbd_conf.c.o
                0x08001664                HAL_PCD_SuspendCallback
 .text.HAL_PCD_ResumeCallback
                0x08001684       0x28 .pio/build/bluepill_f103c8/USBDevice/src/usbd_conf.c.o
                0x08001684                HAL_PCD_ResumeCallback
 .text.USB_LP_CAN1_RX0_IRQHandler
                0x080016ac        0xc .pio/build/bluepill_f103c8/USBDevice/src/usbd_conf.c.o
                0x080016ac                USB_LP_CAN1_RX0_IRQHandler
 .text.USB_HP_CAN1_TX_IRQHandler
                0x080016b8        0x4 .pio/build/bluepill_f103c8/USBDevice/src/usbd_conf.c.o
                0x080016b8                USB_HP_CAN1_TX_IRQHandler
 .text.USBWakeUp_IRQHandler
                0x080016bc       0x2c .pio/build/bluepill_f103c8/USBDevice/src/usbd_conf.c.o
                0x080016bc                USBWakeUp_IRQHandler
 .text.USBD_LL_Init
                0x080016e8       0x58 .pio/build/bluepill_f103c8/USBDevice/src/usbd_conf.c.o
                0x080016e8                USBD_LL_Init
 .text.USBD_LL_Start
                0x08001740        0xe .pio/build/bluepill_f103c8/USBDevice/src/usbd_conf.c.o
                0x08001740                USBD_LL_Start
 .text.USBD_LL_OpenEP
                0x0800174e       0x14 .pio/build/bluepill_f103c8/USBDevice/src/usbd_conf.c.o
                0x0800174e                USBD_LL_OpenEP
 .text.USBD_LL_CloseEP
                0x08001762        0xe .pio/build/bluepill_f103c8/USBDevice/src/usbd_conf.c.o
                0x08001762                USBD_LL_CloseEP
 .text.USBD_LL_StallEP
                0x08001770        0xe .pio/build/bluepill_f103c8/USBDevice/src/usbd_conf.c.o
                0x08001770                USBD_LL_StallEP
 .text.USBD_LL_ClearStallEP
                0x0800177e        0xe .pio/build/bluepill_f103c8/USBDevice/src/usbd_conf.c.o
                0x0800177e                USBD_LL_ClearStallEP
 .text.USBD_LL_IsStallEP
                0x0800178c       0x22 .pio/build/bluepill_f103c8/USBDevice/src/usbd_conf.c.o
                0x0800178c                USBD_LL_IsStallEP
 .text.USBD_LL_SetUSBAddress
                0x080017ae        0xe .pio/build/bluepill_f103c8/USBDevice/src/usbd_conf.c.o
                0x080017ae                USBD_LL_SetUSBAddress
 .text.USBD_LL_Transmit
                0x080017bc        0xe .pio/build/bluepill_f103c8/USBDevice/src/usbd_conf.c.o
                0x080017bc                USBD_LL_Transmit
 .text.USBD_LL_PrepareReceive
                0x080017ca        0xe .pio/build/bluepill_f103c8/USBDevice/src/usbd_conf.c.o
                0x080017ca                USBD_LL_PrepareReceive
 .text.USBD_LL_GetRxDataSize
                0x080017d8        0x8 .pio/build/bluepill_f103c8/USBDevice/src/usbd_conf.c.o
                0x080017d8                USBD_LL_GetRxDataSize
 .text.USBD_Class_DeviceDescriptor
                0x080017e0        0xc .pio/build/bluepill_f103c8/USBDevice/src/usbd_desc.c.o
                0x080017e0                USBD_Class_DeviceDescriptor
 .text.USBD_LangIDStrDescriptor
                0x080017ec        0xc .pio/build/bluepill_f103c8/USBDevice/src/usbd_desc.c.o
                0x080017ec                USBD_LangIDStrDescriptor
 .text.USBD_Class_UserStrDescriptor
                0x080017f8        0x8 .pio/build/bluepill_f103c8/USBDevice/src/usbd_desc.c.o
                0x080017f8                USBD_Class_UserStrDescriptor
 .text.IntToUnicode
                0x08001800       0x2a .pio/build/bluepill_f103c8/USBDevice/src/usbd_desc.c.o
 *fill*         0x0800182a        0x2 
 .text.USBD_SerialStrDescriptor
                0x0800182c       0x3c .pio/build/bluepill_f103c8/USBDevice/src/usbd_desc.c.o
                0x0800182c                USBD_SerialStrDescriptor
 .text.USBD_ManufacturerStrDescriptor
                0x08001868       0x1c .pio/build/bluepill_f103c8/USBDevice/src/usbd_desc.c.o
                0x08001868                USBD_ManufacturerStrDescriptor
 .text.USBD_Class_ProductStrDescriptor
                0x08001884       0x24 .pio/build/bluepill_f103c8/USBDevice/src/usbd_desc.c.o
                0x08001884                USBD_Class_ProductStrDescriptor
 .text.USBD_Class_ConfigStrDescriptor
                0x080018a8       0x1c .pio/build/bluepill_f103c8/USBDevice/src/usbd_desc.c.o
                0x080018a8                USBD_Class_ConfigStrDescriptor
 .text.USBD_Class_InterfaceStrDescriptor
                0x080018c4       0x1c .pio/build/bluepill_f103c8/USBDevice/src/usbd_desc.c.o
                0x080018c4                USBD_Class_InterfaceStrDescriptor
 .text.USBD_reenumerate
                0x080018e0       0x34 .pio/build/bluepill_f103c8/USBDevice/src/usbd_if.c.o
                0x080018e0                USBD_reenumerate
 .text.USBD_CDC_init
                0x08001914        0x4 .pio/build/bluepill_f103c8/USBDevice/src/usbd_if.c.o
                0x08001914                USBD_CDC_init
 .text.USBD_SystemClockConfigFromResume
                0x08001918        0xe .pio/build/bluepill_f103c8/USBDevice/src/usbd_if.c.o
                0x08001918                USBD_SystemClockConfigFromResume
 *fill*         0x08001926        0x2 
 .text.Reset_Handler
                0x08001928       0x60 .pio/build/bluepill_f103c8/FrameworkArduinoVariant/startup_M200_f103xb.S.o
                0x08001928                Reset_Handler
 .text.Default_Handler
                0x08001988        0x4 .pio/build/bluepill_f103c8/FrameworkArduinoVariant/startup_M200_f103xb.S.o
                0x08001988                I2C1_ER_IRQHandler
                0x08001988                DebugMon_Handler
                0x08001988                HardFault_Handler
                0x08001988                PVD_IRQHandler
                0x08001988                PendSV_Handler
                0x08001988                NMI_Handler
                0x08001988                I2C2_EV_IRQHandler
                0x08001988                UsageFault_Handler
                0x08001988                ADC1_2_IRQHandler
                0x08001988                SPI1_IRQHandler
                0x08001988                TAMPER_IRQHandler
                0x08001988                DMA1_Channel4_IRQHandler
                0x08001988                RTC_IRQHandler
                0x08001988                DMA1_Channel7_IRQHandler
                0x08001988                CAN1_RX1_IRQHandler
                0x08001988                I2C1_EV_IRQHandler
                0x08001988                DMA1_Channel6_IRQHandler
                0x08001988                RCC_IRQHandler
                0x08001988                TIM1_TRG_COM_IRQHandler
                0x08001988                DMA1_Channel1_IRQHandler
                0x08001988                Default_Handler
                0x08001988                SPI2_IRQHandler
                0x08001988                MemManage_Handler
                0x08001988                SVC_Handler
                0x08001988                DMA1_Channel5_IRQHandler
                0x08001988                DMA1_Channel3_IRQHandler
                0x08001988                WWDG_IRQHandler
                0x08001988                TIM1_BRK_IRQHandler
                0x08001988                I2C2_ER_IRQHandler
                0x08001988                DMA1_Channel2_IRQHandler
                0x08001988                CAN1_SCE_IRQHandler
                0x08001988                FLASH_IRQHandler
                0x08001988                BusFault_Handler
                0x08001988                RTC_Alarm_IRQHandler
 .text.SystemClock_Config
                0x0800198c       0x7c .pio/build/bluepill_f103c8/FrameworkArduinoVariant/variant_PILL_F103Cx.cpp.o
                0x0800198c                SystemClock_Config
 .text.HAL_MspInit
                0x08001a08        0x2 .pio/build/bluepill_f103c8/SrcWrapper/src/HAL/stm32yyxx_hal.c.o
                0x08001a08                HAL_MspInit
 *fill*         0x08001a0a        0x2 
 .text.HAL_InitTick
                0x08001a0c       0x48 .pio/build/bluepill_f103c8/SrcWrapper/src/HAL/stm32yyxx_hal.c.o
                0x08001a0c                HAL_InitTick
 .text.HAL_Init
                0x08001a54       0x24 .pio/build/bluepill_f103c8/SrcWrapper/src/HAL/stm32yyxx_hal.c.o
                0x08001a54                HAL_Init
 .text.HAL_IncTick
                0x08001a78       0x18 .pio/build/bluepill_f103c8/SrcWrapper/src/HAL/stm32yyxx_hal.c.o
                0x08001a78                HAL_IncTick
 .text.HAL_GetTick
                0x08001a90        0xc .pio/build/bluepill_f103c8/SrcWrapper/src/HAL/stm32yyxx_hal.c.o
                0x08001a90                HAL_GetTick
 .text.HAL_NVIC_SetPriorityGrouping
                0x08001a9c       0x24 .pio/build/bluepill_f103c8/SrcWrapper/src/HAL/stm32yyxx_hal_cortex.c.o
                0x08001a9c                HAL_NVIC_SetPriorityGrouping
 .text.HAL_NVIC_SetPriority
                0x08001ac0       0x60 .pio/build/bluepill_f103c8/SrcWrapper/src/HAL/stm32yyxx_hal_cortex.c.o
                0x08001ac0                HAL_NVIC_SetPriority
 .text.HAL_NVIC_EnableIRQ
                0x08001b20       0x1c .pio/build/bluepill_f103c8/SrcWrapper/src/HAL/stm32yyxx_hal_cortex.c.o
                0x08001b20                HAL_NVIC_EnableIRQ
 .text.HAL_NVIC_DisableIRQ
                0x08001b3c       0x24 .pio/build/bluepill_f103c8/SrcWrapper/src/HAL/stm32yyxx_hal_cortex.c.o
                0x08001b3c                HAL_NVIC_DisableIRQ
 .text.HAL_SYSTICK_Config
                0x08001b60       0x28 .pio/build/bluepill_f103c8/SrcWrapper/src/HAL/stm32yyxx_hal_cortex.c.o
                0x08001b60                HAL_SYSTICK_Config
 .text.HAL_NVIC_ClearPendingIRQ
                0x08001b88       0x1c .pio/build/bluepill_f103c8/SrcWrapper/src/HAL/stm32yyxx_hal_cortex.c.o
                0x08001b88                HAL_NVIC_ClearPendingIRQ
 .text.HAL_SYSTICK_Callback
                0x08001ba4        0x2 .pio/build/bluepill_f103c8/SrcWrapper/src/HAL/stm32yyxx_hal_cortex.c.o
                0x08001ba4                HAL_SYSTICK_Callback
 .text.HAL_SYSTICK_IRQHandler
                0x08001ba6        0x8 .pio/build/bluepill_f103c8/SrcWrapper/src/HAL/stm32yyxx_hal_cortex.c.o
                0x08001ba6                HAL_SYSTICK_IRQHandler
 .text.HAL_CRC_MspInit
                0x08001bae        0x2 .pio/build/bluepill_f103c8/SrcWrapper/src/HAL/stm32yyxx_hal_crc.c.o
                0x08001bae                HAL_CRC_MspInit
 .text.HAL_CRC_Init
                0x08001bb0       0x20 .pio/build/bluepill_f103c8/SrcWrapper/src/HAL/stm32yyxx_hal_crc.c.o
                0x08001bb0                HAL_CRC_Init
 .text.HAL_DMA_Abort
                0x08001bd0       0x3e .pio/build/bluepill_f103c8/SrcWrapper/src/HAL/stm32yyxx_hal_dma.c.o
                0x08001bd0                HAL_DMA_Abort
 *fill*         0x08001c0e        0x2 
 .text.HAL_DMA_Abort_IT
                0x08001c10       0x8c .pio/build/bluepill_f103c8/SrcWrapper/src/HAL/stm32yyxx_hal_dma.c.o
                0x08001c10                HAL_DMA_Abort_IT
 .text.HAL_GPIO_EXTI_IRQHandler
                0x08001c9c       0x18 .pio/build/bluepill_f103c8/SrcWrapper/src/HAL/stm32yyxx_hal_gpio.c.o
                0x08001c9c                HAL_GPIO_EXTI_IRQHandler
 .text.HAL_PCD_Init
                0x08001cb4       0xc6 .pio/build/bluepill_f103c8/SrcWrapper/src/HAL/stm32yyxx_hal_pcd.c.o
                0x08001cb4                HAL_PCD_Init
 .text.HAL_PCD_Start
                0x08001d7a       0x32 .pio/build/bluepill_f103c8/SrcWrapper/src/HAL/stm32yyxx_hal_pcd.c.o
                0x08001d7a                HAL_PCD_Start
 .text.HAL_PCD_SetAddress
                0x08001dac       0x26 .pio/build/bluepill_f103c8/SrcWrapper/src/HAL/stm32yyxx_hal_pcd.c.o
                0x08001dac                HAL_PCD_SetAddress
 *fill*         0x08001dd2        0x2 
 .text.HAL_PCD_IRQHandler
                0x08001dd4      0xa14 .pio/build/bluepill_f103c8/SrcWrapper/src/HAL/stm32yyxx_hal_pcd.c.o
                0x08001dd4                HAL_PCD_IRQHandler
 .text.HAL_PCD_EP_Open
                0x080027e8       0x60 .pio/build/bluepill_f103c8/SrcWrapper/src/HAL/stm32yyxx_hal_pcd.c.o
                0x080027e8                HAL_PCD_EP_Open
 .text.HAL_PCD_EP_Close
                0x08002848       0x50 .pio/build/bluepill_f103c8/SrcWrapper/src/HAL/stm32yyxx_hal_pcd.c.o
                0x08002848                HAL_PCD_EP_Close
 .text.HAL_PCD_EP_Receive
                0x08002898       0x2e .pio/build/bluepill_f103c8/SrcWrapper/src/HAL/stm32yyxx_hal_pcd.c.o
                0x08002898                HAL_PCD_EP_Receive
 .text.HAL_PCD_EP_GetRxCount
                0x080028c6       0x10 .pio/build/bluepill_f103c8/SrcWrapper/src/HAL/stm32yyxx_hal_pcd.c.o
                0x080028c6                HAL_PCD_EP_GetRxCount
 .text.HAL_PCD_EP_Transmit
                0x080028d6       0x30 .pio/build/bluepill_f103c8/SrcWrapper/src/HAL/stm32yyxx_hal_pcd.c.o
                0x080028d6                HAL_PCD_EP_Transmit
 .text.HAL_PCD_EP_SetStall
                0x08002906       0x6c .pio/build/bluepill_f103c8/SrcWrapper/src/HAL/stm32yyxx_hal_pcd.c.o
                0x08002906                HAL_PCD_EP_SetStall
 .text.HAL_PCD_EP_ClrStall
                0x08002972       0x64 .pio/build/bluepill_f103c8/SrcWrapper/src/HAL/stm32yyxx_hal_pcd.c.o
                0x08002972                HAL_PCD_EP_ClrStall
 .text.HAL_PCDEx_PMAConfig
                0x080029d6       0x32 .pio/build/bluepill_f103c8/SrcWrapper/src/HAL/stm32yyxx_hal_pcd_ex.c.o
                0x080029d6                HAL_PCDEx_PMAConfig
 .text.HAL_PCDEx_SetConnectionState
                0x08002a08        0x2 .pio/build/bluepill_f103c8/SrcWrapper/src/HAL/stm32yyxx_hal_pcd_ex.c.o
                0x08002a08                HAL_PCDEx_SetConnectionState
 *fill*         0x08002a0a        0x2 
 .text.HAL_RCC_OscConfig
                0x08002a0c      0x338 .pio/build/bluepill_f103c8/SrcWrapper/src/HAL/stm32yyxx_hal_rcc.c.o
                0x08002a0c                HAL_RCC_OscConfig
 .text.HAL_RCC_GetSysClockFreq
                0x08002d44       0x4c .pio/build/bluepill_f103c8/SrcWrapper/src/HAL/stm32yyxx_hal_rcc.c.o
                0x08002d44                HAL_RCC_GetSysClockFreq
 .text.HAL_RCC_ClockConfig
                0x08002d90      0x138 .pio/build/bluepill_f103c8/SrcWrapper/src/HAL/stm32yyxx_hal_rcc.c.o
                0x08002d90                HAL_RCC_ClockConfig
 .text.HAL_RCC_GetPCLK1Freq
                0x08002ec8       0x20 .pio/build/bluepill_f103c8/SrcWrapper/src/HAL/stm32yyxx_hal_rcc.c.o
                0x08002ec8                HAL_RCC_GetPCLK1Freq
 .text.HAL_RCC_GetPCLK2Freq
                0x08002ee8       0x20 .pio/build/bluepill_f103c8/SrcWrapper/src/HAL/stm32yyxx_hal_rcc.c.o
                0x08002ee8                HAL_RCC_GetPCLK2Freq
 .text.HAL_RCC_GetClockConfig
                0x08002f08       0x3c .pio/build/bluepill_f103c8/SrcWrapper/src/HAL/stm32yyxx_hal_rcc.c.o
                0x08002f08                HAL_RCC_GetClockConfig
 .text.HAL_RCCEx_PeriphCLKConfig
                0x08002f44       0xf4 .pio/build/bluepill_f103c8/SrcWrapper/src/HAL/stm32yyxx_hal_rcc_ex.c.o
                0x08002f44                HAL_RCCEx_PeriphCLKConfig
 .text.HAL_SPI_MspInit
                0x08003038        0x2 .pio/build/bluepill_f103c8/SrcWrapper/src/HAL/stm32yyxx_hal_spi.c.o
                0x08003038                HAL_SPI_MspInit
 .text.HAL_SPI_Init
                0x0800303a       0xb0 .pio/build/bluepill_f103c8/SrcWrapper/src/HAL/stm32yyxx_hal_spi.c.o
                0x0800303a                HAL_SPI_Init
 *fill*         0x080030ea        0x2 
 .text.TIM_OC1_SetConfig
                0x080030ec       0x50 .pio/build/bluepill_f103c8/SrcWrapper/src/HAL/stm32yyxx_hal_tim.c.o
 .text.TIM_OC3_SetConfig
                0x0800313c       0x54 .pio/build/bluepill_f103c8/SrcWrapper/src/HAL/stm32yyxx_hal_tim.c.o
 .text.TIM_OC4_SetConfig
                0x08003190       0x44 .pio/build/bluepill_f103c8/SrcWrapper/src/HAL/stm32yyxx_hal_tim.c.o
 .text.HAL_TIM_Base_Start
                0x080031d4       0x4c .pio/build/bluepill_f103c8/SrcWrapper/src/HAL/stm32yyxx_hal_tim.c.o
                0x080031d4                HAL_TIM_Base_Start
 .text.HAL_TIM_GenerateEvent
                0x08003220       0x24 .pio/build/bluepill_f103c8/SrcWrapper/src/HAL/stm32yyxx_hal_tim.c.o
                0x08003220                HAL_TIM_GenerateEvent
 .text.HAL_TIM_PWM_PulseFinishedCallback
                0x08003244        0x2 .pio/build/bluepill_f103c8/SrcWrapper/src/HAL/stm32yyxx_hal_tim.c.o
                0x08003244                HAL_TIM_PWM_PulseFinishedCallback
 .text.HAL_TIM_TriggerCallback
                0x08003246        0x2 .pio/build/bluepill_f103c8/SrcWrapper/src/HAL/stm32yyxx_hal_tim.c.o
                0x08003246                HAL_TIM_TriggerCallback
 .text.HAL_TIM_IRQHandler
                0x08003248      0x128 .pio/build/bluepill_f103c8/SrcWrapper/src/HAL/stm32yyxx_hal_tim.c.o
                0x08003248                HAL_TIM_IRQHandler
 .text.TIM_Base_SetConfig
                0x08003370       0x64 .pio/build/bluepill_f103c8/SrcWrapper/src/HAL/stm32yyxx_hal_tim.c.o
                0x08003370                TIM_Base_SetConfig
 .text.HAL_TIM_Base_Init
                0x080033d4       0x58 .pio/build/bluepill_f103c8/SrcWrapper/src/HAL/stm32yyxx_hal_tim.c.o
                0x080033d4                HAL_TIM_Base_Init
 .text.TIM_OC2_SetConfig
                0x0800342c       0x58 .pio/build/bluepill_f103c8/SrcWrapper/src/HAL/stm32yyxx_hal_tim.c.o
                0x0800342c                TIM_OC2_SetConfig
 .text.HAL_TIM_OC_ConfigChannel
                0x08003484       0x4c .pio/build/bluepill_f103c8/SrcWrapper/src/HAL/stm32yyxx_hal_tim.c.o
                0x08003484                HAL_TIM_OC_ConfigChannel
 .text.HAL_TIM_PWM_ConfigChannel
                0x080034d0       0xb0 .pio/build/bluepill_f103c8/SrcWrapper/src/HAL/stm32yyxx_hal_tim.c.o
                0x080034d0                HAL_TIM_PWM_ConfigChannel
 .text.TIM_TI1_SetConfig
                0x08003580       0x54 .pio/build/bluepill_f103c8/SrcWrapper/src/HAL/stm32yyxx_hal_tim.c.o
                0x08003580                TIM_TI1_SetConfig
 .text.HAL_TIM_IC_ConfigChannel
                0x080035d4      0x124 .pio/build/bluepill_f103c8/SrcWrapper/src/HAL/stm32yyxx_hal_tim.c.o
                0x080035d4                HAL_TIM_IC_ConfigChannel
 .text.TIM_CCxChannelCmd
                0x080036f8       0x1c .pio/build/bluepill_f103c8/SrcWrapper/src/HAL/stm32yyxx_hal_tim.c.o
                0x080036f8                TIM_CCxChannelCmd
 .text.HAL_TIM_OC_Start
                0x08003714       0x98 .pio/build/bluepill_f103c8/SrcWrapper/src/HAL/stm32yyxx_hal_tim.c.o
                0x08003714                HAL_TIM_OC_Start
 .text.HAL_TIM_PWM_Start
                0x080037ac        0x4 .pio/build/bluepill_f103c8/SrcWrapper/src/HAL/stm32yyxx_hal_tim.c.o
                0x080037ac                HAL_TIM_PWM_Start
 .text.HAL_TIM_IC_Start
                0x080037b0       0xd0 .pio/build/bluepill_f103c8/SrcWrapper/src/HAL/stm32yyxx_hal_tim.c.o
                0x080037b0                HAL_TIM_IC_Start
 .text.TIM_CCxNChannelCmd
                0x08003880       0x1c .pio/build/bluepill_f103c8/SrcWrapper/src/HAL/stm32yyxx_hal_tim_ex.c.o
 .text.HAL_TIMEx_OCN_Start
                0x0800389c       0x94 .pio/build/bluepill_f103c8/SrcWrapper/src/HAL/stm32yyxx_hal_tim_ex.c.o
                0x0800389c                HAL_TIMEx_OCN_Start
 .text.HAL_TIMEx_PWMN_Start
                0x08003930        0x4 .pio/build/bluepill_f103c8/SrcWrapper/src/HAL/stm32yyxx_hal_tim_ex.c.o
                0x08003930                HAL_TIMEx_PWMN_Start
 .text.HAL_TIMEx_CommutCallback
                0x08003934        0x2 .pio/build/bluepill_f103c8/SrcWrapper/src/HAL/stm32yyxx_hal_tim_ex.c.o
                0x08003934                HAL_TIMEx_CommutCallback
 .text.HAL_TIMEx_BreakCallback
                0x08003936        0x2 .pio/build/bluepill_f103c8/SrcWrapper/src/HAL/stm32yyxx_hal_tim_ex.c.o
                0x08003936                HAL_TIMEx_BreakCallback
 .text.UART_EndRxTransfer
                0x08003938       0x5c .pio/build/bluepill_f103c8/SrcWrapper/src/HAL/stm32yyxx_hal_uart.c.o
 .text.HAL_UART_Transmit_IT
                0x08003994       0x32 .pio/build/bluepill_f103c8/SrcWrapper/src/HAL/stm32yyxx_hal_uart.c.o
                0x08003994                HAL_UART_Transmit_IT
 .text.UART_DMAAbortOnError
                0x080039c6       0x10 .pio/build/bluepill_f103c8/SrcWrapper/src/HAL/stm32yyxx_hal_uart.c.o
 .text.HAL_UARTEx_RxEventCallback
                0x080039d6        0x2 .pio/build/bluepill_f103c8/SrcWrapper/src/HAL/stm32yyxx_hal_uart.c.o
                0x080039d6                HAL_UARTEx_RxEventCallback
 .text.UART_Receive_IT.isra.0
                0x080039d8       0xb6 .pio/build/bluepill_f103c8/SrcWrapper/src/HAL/stm32yyxx_hal_uart.c.o
 *fill*         0x08003a8e        0x2 
 .text.HAL_UART_IRQHandler
                0x08003a90      0x2d8 .pio/build/bluepill_f103c8/SrcWrapper/src/HAL/stm32yyxx_hal_uart.c.o
                0x08003a90                HAL_UART_IRQHandler
 .text.HAL_HalfDuplex_EnableTransmitter
                0x08003d68       0x30 .pio/build/bluepill_f103c8/SrcWrapper/src/HAL/stm32yyxx_hal_uart.c.o
                0x08003d68                HAL_HalfDuplex_EnableTransmitter
 .text.HAL_HalfDuplex_EnableReceiver
                0x08003d98       0x30 .pio/build/bluepill_f103c8/SrcWrapper/src/HAL/stm32yyxx_hal_uart.c.o
                0x08003d98                HAL_HalfDuplex_EnableReceiver
 .text.HAL_UART_GetState
                0x08003dc8        0xc .pio/build/bluepill_f103c8/SrcWrapper/src/HAL/stm32yyxx_hal_uart.c.o
                0x08003dc8                HAL_UART_GetState
 .text.UART_Start_Receive_IT
                0x08003dd4       0x32 .pio/build/bluepill_f103c8/SrcWrapper/src/HAL/stm32yyxx_hal_uart.c.o
                0x08003dd4                UART_Start_Receive_IT
 .text.HAL_UART_Receive_IT
                0x08003e06       0x22 .pio/build/bluepill_f103c8/SrcWrapper/src/HAL/stm32yyxx_hal_uart.c.o
                0x08003e06                HAL_UART_Receive_IT
 .text._ZNSt8functionIFvvEEaSEDn.isra.0
                0x08003e28       0x16 .pio/build/bluepill_f103c8/SrcWrapper/src/HardwareTimer.cpp.o
 .text._ZNSt14_Function_baseD2Ev
                0x08003e3e       0x12 .pio/build/bluepill_f103c8/SrcWrapper/src/HardwareTimer.cpp.o
                0x08003e3e                std::_Function_base::~_Function_base()
                0x08003e3e                std::_Function_base::~_Function_base()
 .text._ZN13HardwareTimer10getChannelEm
                0x08003e50        0xe .pio/build/bluepill_f103c8/SrcWrapper/src/HardwareTimer.cpp.o
                0x08003e50                HardwareTimer::getChannel(unsigned long)
 *fill*         0x08003e5e        0x2 
 .text._ZN13HardwareTimer12getLLChannelEm
                0x08003e60       0x44 .pio/build/bluepill_f103c8/SrcWrapper/src/HardwareTimer.cpp.o
                0x08003e60                HardwareTimer::getLLChannel(unsigned long)
 .text._ZN13HardwareTimer5getITEm
                0x08003ea4       0x14 .pio/build/bluepill_f103c8/SrcWrapper/src/HardwareTimer.cpp.o
                0x08003ea4                HardwareTimer::getIT(unsigned long)
 .text._ZN13HardwareTimer20getAssociatedChannelEm
                0x08003eb8       0x14 .pio/build/bluepill_f103c8/SrcWrapper/src/HardwareTimer.cpp.o
                0x08003eb8                HardwareTimer::getAssociatedChannel(unsigned long)
 .text._ZN13HardwareTimer13resumeChannelEm
                0x08003ecc       0xf6 .pio/build/bluepill_f103c8/SrcWrapper/src/HardwareTimer.cpp.o
                0x08003ecc                HardwareTimer::resumeChannel(unsigned long)
 .text._ZN13HardwareTimer6resumeEv
                0x08003fc2       0x4c .pio/build/bluepill_f103c8/SrcWrapper/src/HardwareTimer.cpp.o
                0x08003fc2                HardwareTimer::resume()
 *fill*         0x0800400e        0x2 
 .text._ZN13HardwareTimer7setModeEm12TimerModes_t7PinName20ChannelInputFilter_t
                0x08004010      0x240 .pio/build/bluepill_f103c8/SrcWrapper/src/HardwareTimer.cpp.o
                0x08004010                HardwareTimer::setMode(unsigned long, TimerModes_t, PinName, ChannelInputFilter_t)
 .text._ZN13HardwareTimer7getModeEm
                0x08004250       0x10 .pio/build/bluepill_f103c8/SrcWrapper/src/HardwareTimer.cpp.o
                0x08004250                HardwareTimer::getMode(unsigned long)
 .text._ZN13HardwareTimer7refreshEv
                0x08004260        0x8 .pio/build/bluepill_f103c8/SrcWrapper/src/HardwareTimer.cpp.o
                0x08004260                HardwareTimer::refresh()
 .text._ZN13HardwareTimer9isRunningEv
                0x08004268        0xa .pio/build/bluepill_f103c8/SrcWrapper/src/HardwareTimer.cpp.o
                0x08004268                HardwareTimer::isRunning()
 .text._ZN13HardwareTimer27updateRegistersIfNotRunningEP11TIM_TypeDef
                0x08004272       0x3a .pio/build/bluepill_f103c8/SrcWrapper/src/HardwareTimer.cpp.o
                0x08004272                HardwareTimer::updateRegistersIfNotRunning(TIM_TypeDef*)
 .text._Z15get_timer_indexP11TIM_TypeDef
                0x080042ac       0x34 .pio/build/bluepill_f103c8/SrcWrapper/src/HardwareTimer.cpp.o
                0x080042ac                get_timer_index(TIM_TypeDef*)
 .text._ZN13HardwareTimerD2Ev
                0x080042e0       0x40 .pio/build/bluepill_f103c8/SrcWrapper/src/HardwareTimer.cpp.o
                0x080042e0                HardwareTimer::~HardwareTimer()
                0x080042e0                HardwareTimer::~HardwareTimer()
 .text._ZN13HardwareTimer5setupEP11TIM_TypeDef
                0x08004320       0x84 .pio/build/bluepill_f103c8/SrcWrapper/src/HardwareTimer.cpp.o
                0x08004320                HardwareTimer::setup(TIM_TypeDef*)
 .text._ZN13HardwareTimer15getTimerClkFreqEv
                0x080043a4       0x58 .pio/build/bluepill_f103c8/SrcWrapper/src/HardwareTimer.cpp.o
                0x080043a4                HardwareTimer::getTimerClkFreq()
 .text._ZN13HardwareTimer11setOverflowEm13TimerFormat_t
                0x080043fc       0x4c .pio/build/bluepill_f103c8/SrcWrapper/src/HardwareTimer.cpp.o
                0x080043fc                HardwareTimer::setOverflow(unsigned long, TimerFormat_t)
 .text._ZN13HardwareTimer17setCaptureCompareEmm20TimerCompareFormat_t
                0x08004448       0x9c .pio/build/bluepill_f103c8/SrcWrapper/src/HardwareTimer.cpp.o
                0x08004448                HardwareTimer::setCaptureCompare(unsigned long, unsigned long, TimerCompareFormat_t)
 .text.TIM1_UP_IRQHandler
                0x080044e4       0x14 .pio/build/bluepill_f103c8/SrcWrapper/src/HardwareTimer.cpp.o
                0x080044e4                TIM1_UP_IRQHandler
 .text.TIM1_CC_IRQHandler
                0x080044f8        0x4 .pio/build/bluepill_f103c8/SrcWrapper/src/HardwareTimer.cpp.o
                0x080044f8                TIM1_CC_IRQHandler
 .text.TIM2_IRQHandler
                0x080044fc       0x14 .pio/build/bluepill_f103c8/SrcWrapper/src/HardwareTimer.cpp.o
                0x080044fc                TIM2_IRQHandler
 .text.TIM3_IRQHandler
                0x08004510       0x14 .pio/build/bluepill_f103c8/SrcWrapper/src/HardwareTimer.cpp.o
                0x08004510                TIM3_IRQHandler
 .text.TIM4_IRQHandler
                0x08004524       0x14 .pio/build/bluepill_f103c8/SrcWrapper/src/HardwareTimer.cpp.o
                0x08004524                TIM4_IRQHandler
 .text._ZNSt8functionIFvvEEC2Ev
                0x08004538        0xc .pio/build/bluepill_f103c8/SrcWrapper/src/HardwareTimer.cpp.o
                0x08004538                std::function<void ()>::function()
                0x08004538                std::function<void ()>::function()
 .text._ZN13HardwareTimerC2EP11TIM_TypeDef
                0x08004544       0x2a .pio/build/bluepill_f103c8/SrcWrapper/src/HardwareTimer.cpp.o
                0x08004544                HardwareTimer::HardwareTimer(TIM_TypeDef*)
                0x08004544                HardwareTimer::HardwareTimer(TIM_TypeDef*)
 .text._ZNKSt8functionIFvvEEclEv
                0x0800456e       0x12 .pio/build/bluepill_f103c8/SrcWrapper/src/HardwareTimer.cpp.o
                0x0800456e                std::function<void ()>::operator()() const
 .text._ZN13HardwareTimer14updateCallbackEP17TIM_HandleTypeDef
                0x08004580       0x18 .pio/build/bluepill_f103c8/SrcWrapper/src/HardwareTimer.cpp.o
                0x08004580                HardwareTimer::updateCallback(TIM_HandleTypeDef*)
 .text.HAL_TIM_PeriodElapsedCallback
                0x08004598        0x4 .pio/build/bluepill_f103c8/SrcWrapper/src/HardwareTimer.cpp.o
                0x08004598                HAL_TIM_PeriodElapsedCallback
 .text._ZN13HardwareTimer22captureCompareCallbackEP17TIM_HandleTypeDef
                0x0800459c       0x3e .pio/build/bluepill_f103c8/SrcWrapper/src/HardwareTimer.cpp.o
                0x0800459c                HardwareTimer::captureCompareCallback(TIM_HandleTypeDef*)
 .text.HAL_TIM_OC_DelayElapsedCallback
                0x080045da        0x4 .pio/build/bluepill_f103c8/SrcWrapper/src/HardwareTimer.cpp.o
                0x080045da                HAL_TIM_OC_DelayElapsedCallback
 .text.HAL_TIM_IC_CaptureCallback
                0x080045de        0x4 .pio/build/bluepill_f103c8/SrcWrapper/src/HardwareTimer.cpp.o
                0x080045de                HAL_TIM_IC_CaptureCallback
 .text.USB_CoreInit
                0x080045e2        0xe .pio/build/bluepill_f103c8/SrcWrapper/src/LL/stm32yyxx_ll_usb.c.o
                0x080045e2                USB_CoreInit
 .text.USB_EnableGlobalInt
                0x080045f0       0x12 .pio/build/bluepill_f103c8/SrcWrapper/src/LL/stm32yyxx_ll_usb.c.o
                0x080045f0                USB_EnableGlobalInt
 .text.USB_DisableGlobalInt
                0x08004602       0x14 .pio/build/bluepill_f103c8/SrcWrapper/src/LL/stm32yyxx_ll_usb.c.o
                0x08004602                USB_DisableGlobalInt
 .text.USB_SetCurrentMode
                0x08004616        0x4 .pio/build/bluepill_f103c8/SrcWrapper/src/LL/stm32yyxx_ll_usb.c.o
                0x08004616                USB_SetCurrentMode
 .text.USB_DevInit
                0x0800461a       0x22 .pio/build/bluepill_f103c8/SrcWrapper/src/LL/stm32yyxx_ll_usb.c.o
                0x0800461a                USB_DevInit
 .text.USB_ActivateEndpoint
                0x0800463c      0x2c0 .pio/build/bluepill_f103c8/SrcWrapper/src/LL/stm32yyxx_ll_usb.c.o
                0x0800463c                USB_ActivateEndpoint
 .text.USB_DeactivateEndpoint
                0x080048fc      0x1a6 .pio/build/bluepill_f103c8/SrcWrapper/src/LL/stm32yyxx_ll_usb.c.o
                0x080048fc                USB_DeactivateEndpoint
 .text.USB_EPSetStall
                0x08004aa2       0x40 .pio/build/bluepill_f103c8/SrcWrapper/src/LL/stm32yyxx_ll_usb.c.o
                0x08004aa2                USB_EPSetStall
 .text.USB_EPClearStall
                0x08004ae2       0x92 .pio/build/bluepill_f103c8/SrcWrapper/src/LL/stm32yyxx_ll_usb.c.o
                0x08004ae2                USB_EPClearStall
 .text.USB_SetDevAddress
                0x08004b74        0xc .pio/build/bluepill_f103c8/SrcWrapper/src/LL/stm32yyxx_ll_usb.c.o
                0x08004b74                USB_SetDevAddress
 .text.USB_DevConnect
                0x08004b80        0x4 .pio/build/bluepill_f103c8/SrcWrapper/src/LL/stm32yyxx_ll_usb.c.o
                0x08004b80                USB_DevConnect
 .text.USB_DevDisconnect
                0x08004b84        0x4 .pio/build/bluepill_f103c8/SrcWrapper/src/LL/stm32yyxx_ll_usb.c.o
                0x08004b84                USB_DevDisconnect
 .text.USB_ReadInterrupts
                0x08004b88        0x8 .pio/build/bluepill_f103c8/SrcWrapper/src/LL/stm32yyxx_ll_usb.c.o
                0x08004b88                USB_ReadInterrupts
 .text.USB_EP0_OutStart
                0x08004b90        0x4 .pio/build/bluepill_f103c8/SrcWrapper/src/LL/stm32yyxx_ll_usb.c.o
                0x08004b90                USB_EP0_OutStart
 .text.USB_WritePMA
                0x08004b94       0x20 .pio/build/bluepill_f103c8/SrcWrapper/src/LL/stm32yyxx_ll_usb.c.o
                0x08004b94                USB_WritePMA
 .text.USB_EPStartXfer
                0x08004bb4      0x4e4 .pio/build/bluepill_f103c8/SrcWrapper/src/LL/stm32yyxx_ll_usb.c.o
                0x08004bb4                USB_EPStartXfer
 .text.USB_ReadPMA
                0x08005098       0x38 .pio/build/bluepill_f103c8/SrcWrapper/src/LL/stm32yyxx_ll_usb.c.o
                0x08005098                USB_ReadPMA
 .text._Znwj    0x080050d0        0x4 .pio/build/bluepill_f103c8/SrcWrapper/src/new.cpp.o
                0x080050d0                operator new(unsigned int)
 .text._ZdlPvj  0x080050d4        0x4 .pio/build/bluepill_f103c8/SrcWrapper/src/new.cpp.o
                0x080050d4                operator delete(void*, unsigned int)
 .text.set_GPIO_Port_Clock
                0x080050d8       0xa8 .pio/build/bluepill_f103c8/SrcWrapper/src/stm32/PortNames.c.o
                0x080050d8                set_GPIO_Port_Clock
 .text.pwm_start
                0x08005180       0xa4 .pio/build/bluepill_f103c8/SrcWrapper/src/stm32/analog.cpp.o
                0x08005180                pwm_start
 .text.pwm_stop
                0x08005224       0x5c .pio/build/bluepill_f103c8/SrcWrapper/src/stm32/analog.cpp.o
                0x08005224                pwm_stop
 .text.getCurrentMillis
                0x08005280        0x4 .pio/build/bluepill_f103c8/SrcWrapper/src/stm32/clock.c.o
                0x08005280                getCurrentMillis
 .text.noOsSystickHandler
                0x08005284        0x2 .pio/build/bluepill_f103c8/SrcWrapper/src/stm32/clock.c.o
                0x08005284                noOsSystickHandler
                0x08005284                osSystickHandler
 .text.SysTick_Handler
                0x08005286       0x10 .pio/build/bluepill_f103c8/SrcWrapper/src/stm32/clock.c.o
                0x08005286                SysTick_Handler
 .text.configHSECapacitorTuning
                0x08005296        0x2 .pio/build/bluepill_f103c8/SrcWrapper/src/stm32/clock.c.o
                0x08005296                configHSECapacitorTuning
 .text.configIPClock
                0x08005298       0x44 .pio/build/bluepill_f103c8/SrcWrapper/src/stm32/clock.c.o
                0x08005298                configIPClock
 .text.dwt_init
                0x080052dc       0x3c .pio/build/bluepill_f103c8/SrcWrapper/src/stm32/dwt.c.o
                0x080052dc                dwt_init
 .text.hw_config_init
                0x08005318       0x28 .pio/build/bluepill_f103c8/SrcWrapper/src/stm32/hw_config.c.o
                0x08005318                hw_config_init
 .text.startup._ZNSt8functionIFvvEEC2EDn.constprop.0.isra.0
                0x08005340        0xc .pio/build/bluepill_f103c8/SrcWrapper/src/stm32/interrupt.cpp.o
 .text.HAL_GPIO_EXTI_Callback
                0x0800534c       0x2c .pio/build/bluepill_f103c8/SrcWrapper/src/stm32/interrupt.cpp.o
                0x0800534c                HAL_GPIO_EXTI_Callback
 .text.EXTI0_IRQHandler
                0x08005378        0x6 .pio/build/bluepill_f103c8/SrcWrapper/src/stm32/interrupt.cpp.o
                0x08005378                EXTI0_IRQHandler
 .text.EXTI1_IRQHandler
                0x0800537e        0x6 .pio/build/bluepill_f103c8/SrcWrapper/src/stm32/interrupt.cpp.o
                0x0800537e                EXTI1_IRQHandler
 .text.EXTI2_IRQHandler
                0x08005384        0x6 .pio/build/bluepill_f103c8/SrcWrapper/src/stm32/interrupt.cpp.o
                0x08005384                EXTI2_IRQHandler
 .text.EXTI3_IRQHandler
                0x0800538a        0x6 .pio/build/bluepill_f103c8/SrcWrapper/src/stm32/interrupt.cpp.o
                0x0800538a                EXTI3_IRQHandler
 .text.EXTI4_IRQHandler
                0x08005390        0x6 .pio/build/bluepill_f103c8/SrcWrapper/src/stm32/interrupt.cpp.o
                0x08005390                EXTI4_IRQHandler
 .text.EXTI9_5_IRQHandler
                0x08005396       0x16 .pio/build/bluepill_f103c8/SrcWrapper/src/stm32/interrupt.cpp.o
                0x08005396                EXTI9_5_IRQHandler
 .text.EXTI15_10_IRQHandler
                0x080053ac       0x18 .pio/build/bluepill_f103c8/SrcWrapper/src/stm32/interrupt.cpp.o
                0x080053ac                EXTI15_10_IRQHandler
 .text.startup._GLOBAL__sub_I__Z22stm32_interrupt_enable7PinNameSt8functionIFvvEEm
                0x080053c4       0xd8 .pio/build/bluepill_f103c8/SrcWrapper/src/stm32/interrupt.cpp.o
 .text.exit._GLOBAL__sub_D__Z22stm32_interrupt_enable7PinNameSt8functionIFvvEEm
                0x0800549c       0x1c .pio/build/bluepill_f103c8/SrcWrapper/src/stm32/interrupt.cpp.o
 .text.pin_SetF1AFPin
                0x080054b8      0x1f8 .pio/build/bluepill_f103c8/SrcWrapper/src/stm32/pinmap.c.o
 .text.LL_GPIO_SetPinMode
                0x080056b0       0x2c .pio/build/bluepill_f103c8/SrcWrapper/src/stm32/pinmap.c.o
 .text.LL_GPIO_SetPinOutputType
                0x080056dc       0x2c .pio/build/bluepill_f103c8/SrcWrapper/src/stm32/pinmap.c.o
 .text.pin_in_pinmap
                0x08005708       0x1e .pio/build/bluepill_f103c8/SrcWrapper/src/stm32/pinmap.c.o
                0x08005708                pin_in_pinmap
 *fill*         0x08005726        0x2 
 .text.pin_function
                0x08005728      0x18c .pio/build/bluepill_f103c8/SrcWrapper/src/stm32/pinmap.c.o
                0x08005728                pin_function
 .text.pinmap_pinout
                0x080058b4       0x1a .pio/build/bluepill_f103c8/SrcWrapper/src/stm32/pinmap.c.o
                0x080058b4                pinmap_pinout
 .text.pinmap_find_peripheral
                0x080058ce       0x16 .pio/build/bluepill_f103c8/SrcWrapper/src/stm32/pinmap.c.o
                0x080058ce                pinmap_find_peripheral
 .text.pinmap_peripheral
                0x080058e4        0xc .pio/build/bluepill_f103c8/SrcWrapper/src/stm32/pinmap.c.o
                0x080058e4                pinmap_peripheral
 .text.pinmap_find_pin
                0x080058f0       0x16 .pio/build/bluepill_f103c8/SrcWrapper/src/stm32/pinmap.c.o
                0x080058f0                pinmap_find_pin
 .text.pinmap_pin
                0x08005906        0xc .pio/build/bluepill_f103c8/SrcWrapper/src/stm32/pinmap.c.o
                0x08005906                pinmap_pin
 .text.pinmap_find_function
                0x08005912       0x16 .pio/build/bluepill_f103c8/SrcWrapper/src/stm32/pinmap.c.o
                0x08005912                pinmap_find_function
 .text.pinmap_function
                0x08005928        0xa .pio/build/bluepill_f103c8/SrcWrapper/src/stm32/pinmap.c.o
                0x08005928                pinmap_function
 .text.pinmap_merge_peripheral
                0x08005932       0x14 .pio/build/bluepill_f103c8/SrcWrapper/src/stm32/pinmap.c.o
                0x08005932                pinmap_merge_peripheral
 *fill*         0x08005946        0x2 
 .text.SystemInit
                0x08005948       0x4c .pio/build/bluepill_f103c8/SrcWrapper/src/stm32/system_stm32yyxx.c.o
                0x08005948                SystemInit
 .text.get_timer_obj
                0x08005994        0x4 .pio/build/bluepill_f103c8/SrcWrapper/src/stm32/timer.c.o
                0x08005994                get_timer_obj
 .text.enableTimerClock
                0x08005998       0x88 .pio/build/bluepill_f103c8/SrcWrapper/src/stm32/timer.c.o
                0x08005998                enableTimerClock
 .text.disableTimerClock
                0x08005a20       0x5c .pio/build/bluepill_f103c8/SrcWrapper/src/stm32/timer.c.o
                0x08005a20                disableTimerClock
 .text.getTimerUpIrq
                0x08005a7c       0x40 .pio/build/bluepill_f103c8/SrcWrapper/src/stm32/timer.c.o
                0x08005a7c                getTimerUpIrq
 .text.getTimerCCIrq
                0x08005abc       0x40 .pio/build/bluepill_f103c8/SrcWrapper/src/stm32/timer.c.o
                0x08005abc                getTimerCCIrq
 .text.HAL_TIM_Base_MspInit
                0x08005afc       0x4e .pio/build/bluepill_f103c8/SrcWrapper/src/stm32/timer.c.o
                0x08005afc                HAL_TIM_Base_MspInit
 *fill*         0x08005b4a        0x2 
 .text.getTimerClkSrc
                0x08005b4c       0x34 .pio/build/bluepill_f103c8/SrcWrapper/src/stm32/timer.c.o
                0x08005b4c                getTimerClkSrc
 .text.getTimerChannel
                0x08005b80       0x20 .pio/build/bluepill_f103c8/SrcWrapper/src/stm32/timer.c.o
                0x08005b80                getTimerChannel
 .text.serial_rx_active
                0x08005ba0       0x24 .pio/build/bluepill_f103c8/SrcWrapper/src/stm32/uart.c.o
                0x08005ba0                serial_rx_active
 .text.serial_tx_active
                0x08005bc4       0x24 .pio/build/bluepill_f103c8/SrcWrapper/src/stm32/uart.c.o
                0x08005bc4                serial_tx_active
 .text.uart_attach_tx_callback
                0x08005be8       0x40 .pio/build/bluepill_f103c8/SrcWrapper/src/stm32/uart.c.o
                0x08005be8                uart_attach_tx_callback
 .text.uart_enable_tx
                0x08005c28       0x1c .pio/build/bluepill_f103c8/SrcWrapper/src/stm32/uart.c.o
                0x08005c28                uart_enable_tx
 .text.uart_enable_rx
                0x08005c44       0x1c .pio/build/bluepill_f103c8/SrcWrapper/src/stm32/uart.c.o
                0x08005c44                uart_enable_rx
 .text.HAL_UART_RxCpltCallback
                0x08005c60        0x6 .pio/build/bluepill_f103c8/SrcWrapper/src/stm32/uart.c.o
                0x08005c60                HAL_UART_RxCpltCallback
 .text.HAL_UART_TxCpltCallback
                0x08005c66        0x6 .pio/build/bluepill_f103c8/SrcWrapper/src/stm32/uart.c.o
                0x08005c66                HAL_UART_TxCpltCallback
 .text.HAL_UART_ErrorCallback
                0x08005c6c       0x7c .pio/build/bluepill_f103c8/SrcWrapper/src/stm32/uart.c.o
                0x08005c6c                HAL_UART_ErrorCallback
 .text.USART1_IRQHandler
                0x08005ce8       0x18 .pio/build/bluepill_f103c8/SrcWrapper/src/stm32/uart.c.o
                0x08005ce8                USART1_IRQHandler
 .text.USART2_IRQHandler
                0x08005d00       0x1c .pio/build/bluepill_f103c8/SrcWrapper/src/stm32/uart.c.o
                0x08005d00                USART2_IRQHandler
 .text.USART3_IRQHandler
                0x08005d1c       0x1c .pio/build/bluepill_f103c8/SrcWrapper/src/stm32/uart.c.o
                0x08005d1c                USART3_IRQHandler
 .text._sbrk    0x08005d38       0x3c .pio/build/bluepill_f103c8/SrcWrapper/src/syscalls.c.o
                0x08005d38                _sbrk
 .text._exit    0x08005d74        0x2 .pio/build/bluepill_f103c8/SrcWrapper/src/syscalls.c.o
                0x08005d74                _exit
 *fill*         0x08005d76        0x2 
 .text._kill    0x08005d78       0x10 .pio/build/bluepill_f103c8/SrcWrapper/src/syscalls.c.o
                0x08005d78                _kill
 .text._getpid  0x08005d88        0x4 .pio/build/bluepill_f103c8/SrcWrapper/src/syscalls.c.o
                0x08005d88                _getpid
 .text.setup    0x08005d8c      0x11c .pio/build/bluepill_f103c8/src/main.cpp.o
                0x08005d8c                setup
 .text.loop     0x08005ea8      0x1c8 .pio/build/bluepill_f103c8/src/main.cpp.o
                0x08005ea8                loop
 .text.startup._GLOBAL__sub_I_mac
                0x08006070       0x54 .pio/build/bluepill_f103c8/src/main.cpp.o
 .text._ZN8SPIClassC2Emmmm
                0x080060c4      0x128 .pio/build/bluepill_f103c8/lib197/libSPI.a(SPI.cpp.o)
                0x080060c4                SPIClass::SPIClass(unsigned long, unsigned long, unsigned long, unsigned long)
                0x080060c4                SPIClass::SPIClass(unsigned long, unsigned long, unsigned long, unsigned long)
 .text._ZN8SPIClass5beginEv
                0x080061ec       0x20 .pio/build/bluepill_f103c8/lib197/libSPI.a(SPI.cpp.o)
                0x080061ec                SPIClass::begin()
 .text._ZN8SPIClass16beginTransactionE11SPISettings
                0x0800620c       0x42 .pio/build/bluepill_f103c8/lib197/libSPI.a(SPI.cpp.o)
                0x0800620c                SPIClass::beginTransaction(SPISettings)
 .text._ZN8SPIClass14endTransactionEv
                0x0800624e        0x2 .pio/build/bluepill_f103c8/lib197/libSPI.a(SPI.cpp.o)
                0x0800624e                SPIClass::endTransaction()
 .text._ZN8SPIClass8transferEhb
                0x08006250       0x24 .pio/build/bluepill_f103c8/lib197/libSPI.a(SPI.cpp.o)
                0x08006250                SPIClass::transfer(unsigned char, bool)
 .text._ZN8SPIClass8transferEPvjb
                0x08006274        0xe .pio/build/bluepill_f103c8/lib197/libSPI.a(SPI.cpp.o)
                0x08006274                SPIClass::transfer(void*, unsigned int, bool)
 *fill*         0x08006282        0x2 
 .text.startup._GLOBAL__sub_I_SPI
                0x08006284       0x1c .pio/build/bluepill_f103c8/lib197/libSPI.a(SPI.cpp.o)
 .text.LL_GPIO_SetPinMode
                0x080062a0       0x2c .pio/build/bluepill_f103c8/lib197/libSPI.a(spi_com.c.o)
 .text.spi_getClkFreqInst
                0x080062cc       0x2c .pio/build/bluepill_f103c8/lib197/libSPI.a(spi_com.c.o)
                0x080062cc                spi_getClkFreqInst
 .text.spi_init
                0x080062f8      0x268 .pio/build/bluepill_f103c8/lib197/libSPI.a(spi_com.c.o)
                0x080062f8                spi_init
 .text.spi_transfer
                0x08006560       0x5e .pio/build/bluepill_f103c8/lib197/libSPI.a(spi_com.c.o)
                0x08006560                spi_transfer
 .text._ZN10W5100Class9writeSIPREPKh.isra.0
                0x080065be        0xa .pio/build/bluepill_f103c8/lib0c9/libEthernet.a(Ethernet.cpp.o)
 .text._ZN10W5100Class9writeSHAREPKh.isra.0
                0x080065c8        0xa .pio/build/bluepill_f103c8/lib0c9/libEthernet.a(Ethernet.cpp.o)
 .text._ZN10W5100Class9writeSUBREPKh.isra.0
                0x080065d2        0xa .pio/build/bluepill_f103c8/lib0c9/libEthernet.a(Ethernet.cpp.o)
 .text._ZN10W5100Class8writeGAREPKh.isra.0
                0x080065dc        0xa .pio/build/bluepill_f103c8/lib0c9/libEthernet.a(Ethernet.cpp.o)
 *fill*         0x080065e6        0x2 
 .text._ZN13EthernetClass5beginEPh9IPAddressS1_S1_S1_
                0x080065e8       0x5c .pio/build/bluepill_f103c8/lib0c9/libEthernet.a(Ethernet.cpp.o)
                0x080065e8                EthernetClass::begin(unsigned char*, IPAddress, IPAddress, IPAddress, IPAddress)
 .text._ZN13EthernetClass4initEh
                0x08006644        0xc .pio/build/bluepill_f103c8/lib0c9/libEthernet.a(Ethernet.cpp.o)
                0x08006644                EthernetClass::init(unsigned char)
 .text.startup._GLOBAL__sub_I__ZN13EthernetClass17_dnsServerAddressE
                0x08006650       0x24 .pio/build/bluepill_f103c8/lib0c9/libEthernet.a(Ethernet.cpp.o)
 .text._ZN5Print17availableForWriteEv
                0x08006674        0x4 .pio/build/bluepill_f103c8/lib0c9/libEthernet.a(EthernetUdp.cpp.o)
                0x08006674                Print::availableForWrite()
 .text._ZN11EthernetUDP4readEPcj
                0x08006678        0x6 .pio/build/bluepill_f103c8/lib0c9/libEthernet.a(EthernetUdp.cpp.o)
                0x08006678                EthernetUDP::read(char*, unsigned int)
 *fill*         0x0800667e        0x2 
 .text._ZN11EthernetUDP8remoteIPEv
                0x08006680       0x10 .pio/build/bluepill_f103c8/lib0c9/libEthernet.a(EthernetUdp.cpp.o)
                0x08006680                EthernetUDP::remoteIP()
 .text._ZN11EthernetUDP10remotePortEv
                0x08006690        0x4 .pio/build/bluepill_f103c8/lib0c9/libEthernet.a(EthernetUdp.cpp.o)
                0x08006690                EthernetUDP::remotePort()
 .text._ZN11EthernetUDP9localPortEv
                0x08006694        0x4 .pio/build/bluepill_f103c8/lib0c9/libEthernet.a(EthernetUdp.cpp.o)
                0x08006694                EthernetUDP::localPort()
 .text._ZN11EthernetUDP9availableEv
                0x08006698        0x4 .pio/build/bluepill_f103c8/lib0c9/libEthernet.a(EthernetUdp.cpp.o)
                0x08006698                EthernetUDP::available()
 .text._ZN11EthernetUDP5writeEh
                0x0800669c       0x18 .pio/build/bluepill_f103c8/lib0c9/libEthernet.a(EthernetUdp.cpp.o)
                0x0800669c                EthernetUDP::write(unsigned char)
 .text._ZN11EthernetUDP5flushEv
                0x080066b4        0x2 .pio/build/bluepill_f103c8/lib0c9/libEthernet.a(EthernetUdp.cpp.o)
                0x080066b4                EthernetUDP::flush()
 .text._ZN11EthernetUDP4stopEv
                0x080066b6       0x18 .pio/build/bluepill_f103c8/lib0c9/libEthernet.a(EthernetUdp.cpp.o)
                0x080066b6                EthernetUDP::stop()
 .text._ZN11EthernetUDP5beginEt
                0x080066ce       0x2e .pio/build/bluepill_f103c8/lib0c9/libEthernet.a(EthernetUdp.cpp.o)
                0x080066ce                EthernetUDP::begin(unsigned short)
 .text._ZN11EthernetUDP11beginPacketEPKct
                0x080066fc       0x78 .pio/build/bluepill_f103c8/lib0c9/libEthernet.a(EthernetUdp.cpp.o)
                0x080066fc                EthernetUDP::beginPacket(char const*, unsigned short)
 .text._ZN11EthernetUDP11beginPacketE9IPAddresst
                0x08006774       0x12 .pio/build/bluepill_f103c8/lib0c9/libEthernet.a(EthernetUdp.cpp.o)
                0x08006774                EthernetUDP::beginPacket(IPAddress, unsigned short)
 .text._ZN11EthernetUDP9endPacketEv
                0x08006786        0xc .pio/build/bluepill_f103c8/lib0c9/libEthernet.a(EthernetUdp.cpp.o)
                0x08006786                EthernetUDP::endPacket()
 .text._ZN11EthernetUDP5writeEPKhj
                0x08006792       0x1a .pio/build/bluepill_f103c8/lib0c9/libEthernet.a(EthernetUdp.cpp.o)
                0x08006792                EthernetUDP::write(unsigned char const*, unsigned int)
 .text._ZN11EthernetUDP4readEv
                0x080067ac       0x2e .pio/build/bluepill_f103c8/lib0c9/libEthernet.a(EthernetUdp.cpp.o)
                0x080067ac                EthernetUDP::read()
 .text._ZN11EthernetUDP4readEPhj
                0x080067da       0x2a .pio/build/bluepill_f103c8/lib0c9/libEthernet.a(EthernetUdp.cpp.o)
                0x080067da                EthernetUDP::read(unsigned char*, unsigned int)
 .text._ZN11EthernetUDP4peekEv
                0x08006804       0x1c .pio/build/bluepill_f103c8/lib0c9/libEthernet.a(EthernetUdp.cpp.o)
                0x08006804                EthernetUDP::peek()
 .text._ZN11EthernetUDP14beginMulticastE9IPAddresst
                0x08006820       0x40 .pio/build/bluepill_f103c8/lib0c9/libEthernet.a(EthernetUdp.cpp.o)
                0x08006820                EthernetUDP::beginMulticast(IPAddress, unsigned short)
 .text._ZN11EthernetUDP11parsePacketEv
                0x08006860       0x4e .pio/build/bluepill_f103c8/lib0c9/libEthernet.a(EthernetUdp.cpp.o)
                0x08006860                EthernetUDP::parsePacket()
 *fill*         0x080068ae        0x2 
 .text.startup._GLOBAL__sub_I__ZN11EthernetUDP5beginEt
                0x080068b0       0x1c .pio/build/bluepill_f103c8/lib0c9/libEthernet.a(EthernetUdp.cpp.o)
 .text._ZN10W5100Class7writeSnEhtPht.isra.0
                0x080068cc       0x20 .pio/build/bluepill_f103c8/lib0c9/libEthernet.a(socket.cpp.o)
 .text._ZN10W5100Class6readSnEhtPht.isra.0
                0x080068ec       0x20 .pio/build/bluepill_f103c8/lib0c9/libEthernet.a(socket.cpp.o)
 .text._ZN10W5100Class7writeSnEhth.isra.0
                0x0800690c       0x28 .pio/build/bluepill_f103c8/lib0c9/libEthernet.a(socket.cpp.o)
 .text._ZL10write_datahtPKht
                0x08006934       0xa8 .pio/build/bluepill_f103c8/lib0c9/libEthernet.a(socket.cpp.o)
 .text._ZN10W5100Class6readSnEht
                0x080069dc       0x28 .pio/build/bluepill_f103c8/lib0c9/libEthernet.a(socket.cpp.o)
                0x080069dc                W5100Class::readSn(unsigned char, unsigned short)
 .text._ZN10W5100Class8readSnSREh
                0x08006a04        0xa .pio/build/bluepill_f103c8/lib0c9/libEthernet.a(socket.cpp.o)
                0x08006a04                W5100Class::readSnSR(unsigned char)
 .text._ZN10W5100Class11writeSnPORTEht
                0x08006a0e       0x18 .pio/build/bluepill_f103c8/lib0c9/libEthernet.a(socket.cpp.o)
                0x08006a0e                W5100Class::writeSnPORT(unsigned char, unsigned short)
 .text._ZN10W5100Class12writeSnDPORTEht
                0x08006a26       0x18 .pio/build/bluepill_f103c8/lib0c9/libEthernet.a(socket.cpp.o)
                0x08006a26                W5100Class::writeSnDPORT(unsigned char, unsigned short)
 .text._ZN10W5100Class12readSnTX_FSREh
                0x08006a3e       0x1a .pio/build/bluepill_f103c8/lib0c9/libEthernet.a(socket.cpp.o)
                0x08006a3e                W5100Class::readSnTX_FSR(unsigned char)
 .text._ZL11getSnTX_FSRh
                0x08006a58       0x28 .pio/build/bluepill_f103c8/lib0c9/libEthernet.a(socket.cpp.o)
 .text._ZN10W5100Class12readSnRX_RSREh
                0x08006a80       0x1a .pio/build/bluepill_f103c8/lib0c9/libEthernet.a(socket.cpp.o)
                0x08006a80                W5100Class::readSnRX_RSR(unsigned char)
 .text._ZN10W5100Class11readSnRX_RDEh
                0x08006a9a       0x1a .pio/build/bluepill_f103c8/lib0c9/libEthernet.a(socket.cpp.o)
                0x08006a9a                W5100Class::readSnRX_RD(unsigned char)
 .text._ZN10W5100Class5RBASEEh
                0x08006ab4       0x18 .pio/build/bluepill_f103c8/lib0c9/libEthernet.a(socket.cpp.o)
                0x08006ab4                W5100Class::RBASE(unsigned char)
 .text._ZN13EthernetClass11socketBeginEht
                0x08006acc      0x134 .pio/build/bluepill_f103c8/lib0c9/libEthernet.a(socket.cpp.o)
                0x08006acc                EthernetClass::socketBegin(unsigned char, unsigned short)
 .text._ZN13EthernetClass20socketBeginMulticastEh9IPAddresst
                0x08006c00      0x178 .pio/build/bluepill_f103c8/lib0c9/libEthernet.a(socket.cpp.o)
                0x08006c00                EthernetClass::socketBeginMulticast(unsigned char, IPAddress, unsigned short)
 .text._ZN13EthernetClass11socketCloseEh
                0x08006d78       0x38 .pio/build/bluepill_f103c8/lib0c9/libEthernet.a(socket.cpp.o)
                0x08006d78                EthernetClass::socketClose(unsigned char)
 .text._ZN13EthernetClass10socketRecvEhPhs
                0x08006db0      0x134 .pio/build/bluepill_f103c8/lib0c9/libEthernet.a(socket.cpp.o)
                0x08006db0                EthernetClass::socketRecv(unsigned char, unsigned char*, short)
 .text._ZN13EthernetClass19socketRecvAvailableEh
                0x08006ee4       0x5c .pio/build/bluepill_f103c8/lib0c9/libEthernet.a(socket.cpp.o)
                0x08006ee4                EthernetClass::socketRecvAvailable(unsigned char)
 .text._ZN13EthernetClass10socketPeekEh
                0x08006f40       0x54 .pio/build/bluepill_f103c8/lib0c9/libEthernet.a(socket.cpp.o)
                0x08006f40                EthernetClass::socketPeek(unsigned char)
 .text._ZN13EthernetClass16socketBufferDataEhtPKht
                0x08006f94       0x58 .pio/build/bluepill_f103c8/lib0c9/libEthernet.a(socket.cpp.o)
                0x08006f94                EthernetClass::socketBufferData(unsigned char, unsigned short, unsigned char const*, unsigned short)
 .text._ZN13EthernetClass14socketStartUDPEhPht
                0x08006fec       0x5c .pio/build/bluepill_f103c8/lib0c9/libEthernet.a(socket.cpp.o)
                0x08006fec                EthernetClass::socketStartUDP(unsigned char, unsigned char*, unsigned short)
 .text._ZN13EthernetClass13socketSendUDPEh
                0x08007048       0x94 .pio/build/bluepill_f103c8/lib0c9/libEthernet.a(socket.cpp.o)
                0x08007048                EthernetClass::socketSendUDP(unsigned char)
 .text.startup._GLOBAL__sub_I__ZN13EthernetClass14socketPortRandEt
                0x080070dc       0x1c .pio/build/bluepill_f103c8/lib0c9/libEthernet.a(socket.cpp.o)
 .text._ZN10W5100Class5setSSEv
                0x080070f8       0x10 .pio/build/bluepill_f103c8/lib0c9/libEthernet.a(w5100.cpp.o)
                0x080070f8                W5100Class::setSS()
 .text._ZN10W5100Class7resetSSEv
                0x08007108       0x10 .pio/build/bluepill_f103c8/lib0c9/libEthernet.a(w5100.cpp.o)
                0x08007108                W5100Class::resetSS()
 .text._ZN10W5100Class5writeEtPKht
                0x08007118      0x134 .pio/build/bluepill_f103c8/lib0c9/libEthernet.a(w5100.cpp.o)
                0x08007118                W5100Class::write(unsigned short, unsigned char const*, unsigned short)
 .text._ZN10W5100Class7writeSnEhth.isra.0
                0x0800724c       0x28 .pio/build/bluepill_f103c8/lib0c9/libEthernet.a(w5100.cpp.o)
 .text._ZN10W5100Class7writeMREh
                0x08007274       0x18 .pio/build/bluepill_f103c8/lib0c9/libEthernet.a(w5100.cpp.o)
                0x08007274                W5100Class::writeMR(unsigned char)
 .text._ZN10W5100Class4readEtPht
                0x0800728c      0x100 .pio/build/bluepill_f103c8/lib0c9/libEthernet.a(w5100.cpp.o)
                0x0800728c                W5100Class::read(unsigned short, unsigned char*, unsigned short)
 .text._ZN10W5100Class4readEt
                0x0800738c       0x16 .pio/build/bluepill_f103c8/lib0c9/libEthernet.a(w5100.cpp.o)
                0x0800738c                W5100Class::read(unsigned short)
 .text._ZN10W5100Class6readMREv
                0x080073a2        0xa .pio/build/bluepill_f103c8/lib0c9/libEthernet.a(w5100.cpp.o)
                0x080073a2                W5100Class::readMR()
 .text._ZN10W5100Class9softResetEv
                0x080073ac       0x26 .pio/build/bluepill_f103c8/lib0c9/libEthernet.a(w5100.cpp.o)
                0x080073ac                W5100Class::softReset()
 *fill*         0x080073d2        0x2 
 .text._ZN10W5100Class7isW5100Ev
                0x080073d4       0x44 .pio/build/bluepill_f103c8/lib0c9/libEthernet.a(w5100.cpp.o)
                0x080073d4                W5100Class::isW5100()
 .text._ZN10W5100Class7isW5200Ev
                0x08007418       0x50 .pio/build/bluepill_f103c8/lib0c9/libEthernet.a(w5100.cpp.o)
                0x08007418                W5100Class::isW5200()
 .text._ZN10W5100Class7isW5500Ev
                0x08007468       0x50 .pio/build/bluepill_f103c8/lib0c9/libEthernet.a(w5100.cpp.o)
                0x08007468                W5100Class::isW5500()
 .text._ZN10W5100Class4initEv
                0x080074b8       0xd4 .pio/build/bluepill_f103c8/lib0c9/libEthernet.a(w5100.cpp.o)
                0x080074b8                W5100Class::init()
 .text._ZN10W5100Class9execCmdSnEh7SockCMD
                0x0800758c       0x28 .pio/build/bluepill_f103c8/lib0c9/libEthernet.a(w5100.cpp.o)
                0x0800758c                W5100Class::execCmdSn(unsigned char, SockCMD)
 .text.startup._GLOBAL__sub_I__ZN10W5100Class4chipE
                0x080075b4       0x1c .pio/build/bluepill_f103c8/lib0c9/libEthernet.a(w5100.cpp.o)
 .text.startup._GLOBAL__sub_I__ZN9DhcpClass13beginWithDHCPEPhmm
                0x080075d0       0x1c .pio/build/bluepill_f103c8/lib0c9/libEthernet.a(Dhcp.cpp.o)
 .text._ZN9DNSClient5beginERK9IPAddress
                0x080075ec        0xa .pio/build/bluepill_f103c8/lib0c9/libEthernet.a(Dns.cpp.o)
                0x080075ec                DNSClient::begin(IPAddress const&)
 .text._ZN9DNSClient9inet_atonEPKcR9IPAddress
                0x080075f6       0x46 .pio/build/bluepill_f103c8/lib0c9/libEthernet.a(Dns.cpp.o)
                0x080075f6                DNSClient::inet_aton(char const*, IPAddress&)
 .text.startup._GLOBAL__sub_I__ZN9DNSClient5beginERK9IPAddress
                0x0800763c       0x1c .pio/build/bluepill_f103c8/lib0c9/libEthernet.a(Dns.cpp.o)
 .text._ZN9DNSClient12BuildRequestEPKc
                0x08007658       0xe6 .pio/build/bluepill_f103c8/lib0c9/libEthernet.a(Dns.cpp.o)
                0x08007658                DNSClient::BuildRequest(char const*)
 .text._ZN9DNSClient15ProcessResponseEtR9IPAddress
                0x0800773e      0x1c2 .pio/build/bluepill_f103c8/lib0c9/libEthernet.a(Dns.cpp.o)
                0x0800773e                DNSClient::ProcessResponse(unsigned short, IPAddress&)
 .text._ZN9DNSClient13getHostByNameEPKcR9IPAddresst
                0x08007900       0x8c .pio/build/bluepill_f103c8/lib0c9/libEthernet.a(Dns.cpp.o)
                0x08007900                DNSClient::getHostByName(char const*, IPAddress&, unsigned short)
 .text.startup._GLOBAL__sub_I__ZN14EthernetServer11server_portE
                0x0800798c       0x1c .pio/build/bluepill_f103c8/lib0c9/libEthernet.a(EthernetServer.cpp.o)
 .text.startup._GLOBAL__sub_I__ZN14EthernetClient7connectEPKct
                0x080079a8       0x1c .pio/build/bluepill_f103c8/lib0c9/libEthernet.a(EthernetClient.cpp.o)
 .text._ZNK9IPAddress7printToER5Print
                0x080079c4       0x40 .pio/build/bluepill_f103c8/libFrameworkArduino.a(IPAddress.cpp.o)
                0x080079c4                IPAddress::printTo(Print&) const
 .text._ZN9IPAddressC2Ev
                0x08007a04       0x10 .pio/build/bluepill_f103c8/libFrameworkArduino.a(IPAddress.cpp.o)
                0x08007a04                IPAddress::IPAddress()
                0x08007a04                IPAddress::IPAddress()
 .text._ZN9IPAddressC2Ehhhh
                0x08007a14       0x18 .pio/build/bluepill_f103c8/libFrameworkArduino.a(IPAddress.cpp.o)
                0x08007a14                IPAddress::IPAddress(unsigned char, unsigned char, unsigned char, unsigned char)
                0x08007a14                IPAddress::IPAddress(unsigned char, unsigned char, unsigned char, unsigned char)
 .text._ZN9IPAddressaSEPKh
                0x08007a2c        0x6 .pio/build/bluepill_f103c8/libFrameworkArduino.a(IPAddress.cpp.o)
                0x08007a2c                IPAddress::operator=(unsigned char const*)
 .text._ZN5Print5writeEPKc
                0x08007a32       0x20 .pio/build/bluepill_f103c8/libFrameworkArduino.a(Print.cpp.o)
                0x08007a32                Print::write(char const*)
 .text._ZN5Print5printERK6String
                0x08007a52        0xa .pio/build/bluepill_f103c8/libFrameworkArduino.a(Print.cpp.o)
                0x08007a52                Print::print(String const&)
 .text._ZN5Print5printEc
                0x08007a5c        0x6 .pio/build/bluepill_f103c8/libFrameworkArduino.a(Print.cpp.o)
                0x08007a5c                Print::print(char)
 *fill*         0x08007a62        0x2 
 .text._ZN5Print7printlnEv
                0x08007a64       0x10 .pio/build/bluepill_f103c8/libFrameworkArduino.a(Print.cpp.o)
                0x08007a64                Print::println()
 .text._ZN5Print7printlnEPK19__FlashStringHelper
                0x08007a74       0x14 .pio/build/bluepill_f103c8/libFrameworkArduino.a(Print.cpp.o)
                0x08007a74                Print::println(__FlashStringHelper const*)
 .text._ZN5Print7printlnERK6String
                0x08007a88       0x14 .pio/build/bluepill_f103c8/libFrameworkArduino.a(Print.cpp.o)
                0x08007a88                Print::println(String const&)
 .text._ZN5Print7printlnEPKc
                0x08007a9c        0x4 .pio/build/bluepill_f103c8/libFrameworkArduino.a(Print.cpp.o)
                0x08007a9c                Print::println(char const*)
 .text._ZN5Print11printNumberEmh
                0x08007aa0       0x3a .pio/build/bluepill_f103c8/libFrameworkArduino.a(Print.cpp.o)
                0x08007aa0                Print::printNumber(unsigned long, unsigned char)
 .text._ZN5Print5printEmi
                0x08007ada       0x16 .pio/build/bluepill_f103c8/libFrameworkArduino.a(Print.cpp.o)
                0x08007ada                Print::print(unsigned long, int)
 .text._ZN5Print5printEhi
                0x08007af0        0x4 .pio/build/bluepill_f103c8/libFrameworkArduino.a(Print.cpp.o)
                0x08007af0                Print::print(unsigned char, int)
 .text._ZN6Stream9timedReadEv
                0x08007af4       0x2a .pio/build/bluepill_f103c8/libFrameworkArduino.a(Stream.cpp.o)
                0x08007af4                Stream::timedRead()
 .text._ZN6Stream9readBytesEPcj
                0x08007b1e       0x22 .pio/build/bluepill_f103c8/libFrameworkArduino.a(Stream.cpp.o)
                0x08007b1e                Stream::readBytes(char*, unsigned int)
 .text._ZN6Stream14readBytesUntilEcPcj
                0x08007b40       0x30 .pio/build/bluepill_f103c8/libFrameworkArduino.a(Stream.cpp.o)
                0x08007b40                Stream::readBytesUntil(char, char*, unsigned int)
 .text._Z3maplllll
                0x08007b70       0x14 .pio/build/bluepill_f103c8/libFrameworkArduino.a(WMath.cpp.o)
                0x08007b70                map(long, long, long, long, long)
 .text._ZN6StringD2Ev
                0x08007b84        0xe .pio/build/bluepill_f103c8/libFrameworkArduino.a(WString.cpp.o)
                0x08007b84                String::~String()
                0x08007b84                String::~String()
 .text._ZN6String10invalidateEv
                0x08007b92       0x16 .pio/build/bluepill_f103c8/libFrameworkArduino.a(WString.cpp.o)
                0x08007b92                String::invalidate()
 .text._ZN6String12changeBufferEj
                0x08007ba8       0x18 .pio/build/bluepill_f103c8/libFrameworkArduino.a(WString.cpp.o)
                0x08007ba8                String::changeBuffer(unsigned int)
 .text._ZN6String7reserveEj
                0x08007bc0       0x22 .pio/build/bluepill_f103c8/libFrameworkArduino.a(WString.cpp.o)
                0x08007bc0                String::reserve(unsigned int)
 .text._ZN6String4copyEPKcj
                0x08007be2       0x26 .pio/build/bluepill_f103c8/libFrameworkArduino.a(WString.cpp.o)
                0x08007be2                String::copy(char const*, unsigned int)
 .text._ZN6StringC2EPKc
                0x08007c08       0x24 .pio/build/bluepill_f103c8/libFrameworkArduino.a(WString.cpp.o)
                0x08007c08                String::String(char const*)
                0x08007c08                String::String(char const*)
 .text._ZN6StringaSERKS_
                0x08007c2c       0x1e .pio/build/bluepill_f103c8/libFrameworkArduino.a(WString.cpp.o)
                0x08007c2c                String::operator=(String const&)
 .text._ZN6StringaSEPKc
                0x08007c4a       0x22 .pio/build/bluepill_f103c8/libFrameworkArduino.a(WString.cpp.o)
                0x08007c4a                String::operator=(char const*)
 .text._ZN6StringC2Eih
                0x08007c6c       0x24 .pio/build/bluepill_f103c8/libFrameworkArduino.a(WString.cpp.o)
                0x08007c6c                String::String(int, unsigned char)
                0x08007c6c                String::String(int, unsigned char)
 .text._ZN6String6concatEPKcj
                0x08007c90       0x2e .pio/build/bluepill_f103c8/libFrameworkArduino.a(WString.cpp.o)
                0x08007c90                String::concat(char const*, unsigned int)
 .text._ZplRK15StringSumHelperRK6String
                0x08007cbe       0x18 .pio/build/bluepill_f103c8/libFrameworkArduino.a(WString.cpp.o)
                0x08007cbe                operator+(StringSumHelper const&, String const&)
 .text._ZplRK15StringSumHelperPKc
                0x08007cd6       0x28 .pio/build/bluepill_f103c8/libFrameworkArduino.a(WString.cpp.o)
                0x08007cd6                operator+(StringSumHelper const&, char const*)
 .text._ZNK6String6equalsEPKc
                0x08007cfe       0x24 .pio/build/bluepill_f103c8/libFrameworkArduino.a(WString.cpp.o)
                0x08007cfe                String::equals(char const*) const
 .text._ZNK6String10startsWithERKS_j
                0x08007d22       0x2c .pio/build/bluepill_f103c8/libFrameworkArduino.a(WString.cpp.o)
                0x08007d22                String::startsWith(String const&, unsigned int) const
 .text._ZNK6String10startsWithERKS_
                0x08007d4e       0x12 .pio/build/bluepill_f103c8/libFrameworkArduino.a(WString.cpp.o)
                0x08007d4e                String::startsWith(String const&) const
 .text._ZNK6String9substringEjj
                0x08007d60       0x50 .pio/build/bluepill_f103c8/libFrameworkArduino.a(WString.cpp.o)
                0x08007d60                String::substring(unsigned int, unsigned int) const
 .text._ZN6String4trimEv
                0x08007db0       0x50 .pio/build/bluepill_f103c8/libFrameworkArduino.a(WString.cpp.o)
                0x08007db0                String::trim()
 .text._ZNK6String5toIntEv
                0x08007e00        0xa .pio/build/bluepill_f103c8/libFrameworkArduino.a(WString.cpp.o)
                0x08007e00                String::toInt() const
 .text.__empty  0x08007e0a        0x2 .pio/build/bluepill_f103c8/libFrameworkArduino.a(hooks.c.o)
                0x08007e0a                yield
 .text.ltoa     0x08007e0c       0x80 .pio/build/bluepill_f103c8/libFrameworkArduino.a(itoa.c.o)
                0x08007e0c                ltoa
 .text.itoa     0x08007e8c        0x4 .pio/build/bluepill_f103c8/libFrameworkArduino.a(itoa.c.o)
                0x08007e8c                itoa
 .text.startup._Z7premainv
                0x08007e90       0x10 .pio/build/bluepill_f103c8/libFrameworkArduino.a(main.cpp.o)
                0x08007e90                premain()
 .text.startup.main
                0x08007ea0       0x14 .pio/build/bluepill_f103c8/libFrameworkArduino.a(main.cpp.o)
                0x08007ea0                main
 .text.pinNametoDigitalPin
                0x08007eb4       0x34 .pio/build/bluepill_f103c8/libFrameworkArduino.a(pins_arduino.c.o)
                0x08007eb4                pinNametoDigitalPin
 .text.mapResolution
                0x08007ee8       0x26 .pio/build/bluepill_f103c8/libFrameworkArduino.a(wiring_analog.c.o)
 *fill*         0x08007f0e        0x2 
 .text.analogWriteFrequency
                0x08007f10        0xc .pio/build/bluepill_f103c8/libFrameworkArduino.a(wiring_analog.c.o)
                0x08007f10                analogWriteFrequency
 .text.analogWrite
                0x08007f1c       0xdc .pio/build/bluepill_f103c8/libFrameworkArduino.a(wiring_analog.c.o)
                0x08007f1c                analogWrite
 .text.pinMode  0x08007ff8       0xbc .pio/build/bluepill_f103c8/libFrameworkArduino.a(wiring_digital.c.o)
                0x08007ff8                pinMode
 .text.digitalWrite
                0x080080b4       0x74 .pio/build/bluepill_f103c8/libFrameworkArduino.a(wiring_digital.c.o)
                0x080080b4                digitalWrite
 .text.millis   0x08008128        0x4 .pio/build/bluepill_f103c8/libFrameworkArduino.a(wiring_time.c.o)
                0x08008128                millis
 .text.delay    0x0800812c       0x1c .pio/build/bluepill_f103c8/libFrameworkArduino.a(wiring_time.c.o)
                0x0800812c                delay
 .text._Z14serialEventRunv
                0x08008148       0x34 .pio/build/bluepill_f103c8/libFrameworkArduino.a(WSerial.cpp.o)
                0x08008148                serialEventRun()
 .text.init     0x0800817c        0x4 .pio/build/bluepill_f103c8/libFrameworkArduino.a(board.c.o)
                0x0800817c                init
 .text._ZN14HardwareSerial9availableEv
                0x08008180       0x10 .pio/build/bluepill_f103c8/libFrameworkArduino.a(HardwareSerial.cpp.o)
                0x08008180                HardwareSerial::available()
 .text._ZN14HardwareSerial4peekEv
                0x08008190       0x1a .pio/build/bluepill_f103c8/libFrameworkArduino.a(HardwareSerial.cpp.o)
                0x08008190                HardwareSerial::peek()
 .text._ZN14HardwareSerial17availableForWriteEv
                0x080081aa       0x1c .pio/build/bluepill_f103c8/libFrameworkArduino.a(HardwareSerial.cpp.o)
                0x080081aa                HardwareSerial::availableForWrite()
 .text._ZN14HardwareSerial5writeEh
                0x080081c6       0x18 .pio/build/bluepill_f103c8/libFrameworkArduino.a(HardwareSerial.cpp.o)
                0x080081c6                HardwareSerial::write(unsigned char)
 *fill*         0x080081de        0x2 
 .text._ZN14HardwareSerial16_tx_complete_irqEP8serial_s
                0x080081e0       0x60 .pio/build/bluepill_f103c8/libFrameworkArduino.a(HardwareSerial.cpp.o)
                0x080081e0                HardwareSerial::_tx_complete_irq(serial_s*)
 .text._ZN14HardwareSerial5writeEPKhj
                0x08008240       0xe4 .pio/build/bluepill_f103c8/libFrameworkArduino.a(HardwareSerial.cpp.o)
                0x08008240                HardwareSerial::write(unsigned char const*, unsigned int)
 .text._ZN14HardwareSerial4initE7PinNameS0_S0_S0_
                0x08008324       0x32 .pio/build/bluepill_f103c8/libFrameworkArduino.a(HardwareSerial.cpp.o)
                0x08008324                HardwareSerial::init(PinName, PinName, PinName, PinName)
 *fill*         0x08008356        0x2 
 .text._ZN14HardwareSerialC2EPv16HalfDuplexMode_t
                0x08008358       0x80 .pio/build/bluepill_f103c8/libFrameworkArduino.a(HardwareSerial.cpp.o)
                0x08008358                HardwareSerial::HardwareSerial(void*, HalfDuplexMode_t)
                0x08008358                HardwareSerial::HardwareSerial(void*, HalfDuplexMode_t)
 .text._ZN14HardwareSerial5flushEm
                0x080083d8       0x36 .pio/build/bluepill_f103c8/libFrameworkArduino.a(HardwareSerial.cpp.o)
                0x080083d8                HardwareSerial::flush(unsigned long)
 .text._ZN14HardwareSerial5flushEv
                0x0800840e        0x6 .pio/build/bluepill_f103c8/libFrameworkArduino.a(HardwareSerial.cpp.o)
                0x0800840e                HardwareSerial::flush()
 .text._ZN14HardwareSerial18enableHalfDuplexRxEv
                0x08008414       0x2c .pio/build/bluepill_f103c8/libFrameworkArduino.a(HardwareSerial.cpp.o)
                0x08008414                HardwareSerial::enableHalfDuplexRx()
 .text._ZN14HardwareSerial4readEv
                0x08008440       0x2e .pio/build/bluepill_f103c8/libFrameworkArduino.a(HardwareSerial.cpp.o)
                0x08008440                HardwareSerial::read()
 *fill*         0x0800846e        0x2 
 .text.startup._GLOBAL__sub_I_Serial1
                0x08008470       0x14 .pio/build/bluepill_f103c8/libFrameworkArduino.a(HardwareSerial.cpp.o)
 .text.unlikely._ZSt25__throw_bad_function_callv
                0x08008484        0x6 /Users/beratbaki/.platformio/packages/toolchain-gccarmnoneeabi/bin/../lib/gcc/arm-none-eabi/12.3.1/../../../../arm-none-eabi/lib/thumb/v7-m/nofp/libstdc++_nano.a(functional.o)
                0x08008484                std::__throw_bad_function_call()
 .text.abort    0x0800848a        0xe /Users/beratbaki/.platformio/packages/toolchain-gccarmnoneeabi/bin/../lib/gcc/arm-none-eabi/12.3.1/../../../../arm-none-eabi/lib/thumb/v7-m/nofp/libc_nano.a(libc_a-abort.o)
                0x0800848a                abort
 .text.isspace  0x08008498       0x10 /Users/beratbaki/.platformio/packages/toolchain-gccarmnoneeabi/bin/../lib/gcc/arm-none-eabi/12.3.1/../../../../arm-none-eabi/lib/thumb/v7-m/nofp/libc_nano.a(libc_a-isspace.o)
                0x08008498                isspace
 .text.atol     0x080084a8        0x8 /Users/beratbaki/.platformio/packages/toolchain-gccarmnoneeabi/bin/../lib/gcc/arm-none-eabi/12.3.1/../../../../arm-none-eabi/lib/thumb/v7-m/nofp/libc_nano.a(libc_a-atol.o)
                0x080084a8                atol
 .text.malloc   0x080084b0       0x10 /Users/beratbaki/.platformio/packages/toolchain-gccarmnoneeabi/bin/../lib/gcc/arm-none-eabi/12.3.1/../../../../arm-none-eabi/lib/thumb/v7-m/nofp/libc_nano.a(libc_a-malloc.o)
                0x080084b0                malloc
 .text.free     0x080084c0       0x10 /Users/beratbaki/.platformio/packages/toolchain-gccarmnoneeabi/bin/../lib/gcc/arm-none-eabi/12.3.1/../../../../arm-none-eabi/lib/thumb/v7-m/nofp/libc_nano.a(libc_a-malloc.o)
                0x080084c0                free
 .text.sbrk_aligned
                0x080084d0       0x44 /Users/beratbaki/.platformio/packages/toolchain-gccarmnoneeabi/bin/../lib/gcc/arm-none-eabi/12.3.1/../../../../arm-none-eabi/lib/thumb/v7-m/nofp/libc_nano.a(libc_a-mallocr.o)
 .text._malloc_r
                0x08008514      0x100 /Users/beratbaki/.platformio/packages/toolchain-gccarmnoneeabi/bin/../lib/gcc/arm-none-eabi/12.3.1/../../../../arm-none-eabi/lib/thumb/v7-m/nofp/libc_nano.a(libc_a-mallocr.o)
                0x08008514                _malloc_r
 .text.__malloc_lock
                0x08008614        0xc /Users/beratbaki/.platformio/packages/toolchain-gccarmnoneeabi/bin/../lib/gcc/arm-none-eabi/12.3.1/../../../../arm-none-eabi/lib/thumb/v7-m/nofp/libc_nano.a(libc_a-mlock.o)
                0x08008614                __malloc_lock
 .text.__malloc_unlock
                0x08008620        0xc /Users/beratbaki/.platformio/packages/toolchain-gccarmnoneeabi/bin/../lib/gcc/arm-none-eabi/12.3.1/../../../../arm-none-eabi/lib/thumb/v7-m/nofp/libc_nano.a(libc_a-mlock.o)
                0x08008620                __malloc_unlock